Archive member included to satisfy reference by file (symbol)

/opt/st/stm32cubeide_2.0.0/plugins/com.st.stm32cube.ide.mcu.externaltools.gnu-tools-for-stm32.13.3.rel1.linux64_1.0.100.202509120712/tools/bin/../lib/gcc/arm-none-eabi/13.3.1/../../../../arm-none-eabi/lib/thumb/v7e-m+fp/hard/libc_nano.a(libc_a-exit.o)
                              /opt/st/stm32cubeide_2.0.0/plugins/com.st.stm32cube.ide.mcu.externaltools.gnu-tools-for-stm32.13.3.rel1.linux64_1.0.100.202509120712/tools/bin/../lib/gcc/arm-none-eabi/13.3.1/../../../../arm-none-eabi/lib/thumb/v7e-m+fp/hard/crt0.o (exit)
/opt/st/stm32cubeide_2.0.0/plugins/com.st.stm32cube.ide.mcu.externaltools.gnu-tools-for-stm32.13.3.rel1.linux64_1.0.100.202509120712/tools/bin/../lib/gcc/arm-none-eabi/13.3.1/../../../../arm-none-eabi/lib/thumb/v7e-m+fp/hard/libc_nano.a(libc_a-findfp.o)
                              /opt/st/stm32cubeide_2.0.0/plugins/com.st.stm32cube.ide.mcu.externaltools.gnu-tools-for-stm32.13.3.rel1.linux64_1.0.100.202509120712/tools/bin/../lib/gcc/arm-none-eabi/13.3.1/../../../../arm-none-eabi/lib/thumb/v7e-m+fp/hard/libc_nano.a(libc_a-exit.o) (__stdio_exit_handler)
/opt/st/stm32cubeide_2.0.0/plugins/com.st.stm32cube.ide.mcu.externaltools.gnu-tools-for-stm32.13.3.rel1.linux64_1.0.100.202509120712/tools/bin/../lib/gcc/arm-none-eabi/13.3.1/../../../../arm-none-eabi/lib/thumb/v7e-m+fp/hard/libc_nano.a(libc_a-fwalk.o)
                              /opt/st/stm32cubeide_2.0.0/plugins/com.st.stm32cube.ide.mcu.externaltools.gnu-tools-for-stm32.13.3.rel1.linux64_1.0.100.202509120712/tools/bin/../lib/gcc/arm-none-eabi/13.3.1/../../../../arm-none-eabi/lib/thumb/v7e-m+fp/hard/libc_nano.a(libc_a-findfp.o) (_fwalk_sglue)
/opt/st/stm32cubeide_2.0.0/plugins/com.st.stm32cube.ide.mcu.externaltools.gnu-tools-for-stm32.13.3.rel1.linux64_1.0.100.202509120712/tools/bin/../lib/gcc/arm-none-eabi/13.3.1/../../../../arm-none-eabi/lib/thumb/v7e-m+fp/hard/libc_nano.a(libc_a-printf.o)
                              ./Core/Src/main.o (printf)
/opt/st/stm32cubeide_2.0.0/plugins/com.st.stm32cube.ide.mcu.externaltools.gnu-tools-for-stm32.13.3.rel1.linux64_1.0.100.202509120712/tools/bin/../lib/gcc/arm-none-eabi/13.3.1/../../../../arm-none-eabi/lib/thumb/v7e-m+fp/hard/libc_nano.a(libc_a-puts.o)
                              ./Core/Src/main.o (puts)
/opt/st/stm32cubeide_2.0.0/plugins/com.st.stm32cube.ide.mcu.externaltools.gnu-tools-for-stm32.13.3.rel1.linux64_1.0.100.202509120712/tools/bin/../lib/gcc/arm-none-eabi/13.3.1/../../../../arm-none-eabi/lib/thumb/v7e-m+fp/hard/libc_nano.a(libc_a-stdio.o)
                              /opt/st/stm32cubeide_2.0.0/plugins/com.st.stm32cube.ide.mcu.externaltools.gnu-tools-for-stm32.13.3.rel1.linux64_1.0.100.202509120712/tools/bin/../lib/gcc/arm-none-eabi/13.3.1/../../../../arm-none-eabi/lib/thumb/v7e-m+fp/hard/libc_nano.a(libc_a-findfp.o) (__sread)
/opt/st/stm32cubeide_2.0.0/plugins/com.st.stm32cube.ide.mcu.externaltools.gnu-tools-for-stm32.13.3.rel1.linux64_1.0.100.202509120712/tools/bin/../lib/gcc/arm-none-eabi/13.3.1/../../../../arm-none-eabi/lib/thumb/v7e-m+fp/hard/libc_nano.a(libc_a-wbuf.o)
                              /opt/st/stm32cubeide_2.0.0/plugins/com.st.stm32cube.ide.mcu.externaltools.gnu-tools-for-stm32.13.3.rel1.linux64_1.0.100.202509120712/tools/bin/../lib/gcc/arm-none-eabi/13.3.1/../../../../arm-none-eabi/lib/thumb/v7e-m+fp/hard/libc_nano.a(libc_a-puts.o) (__swbuf_r)
/opt/st/stm32cubeide_2.0.0/plugins/com.st.stm32cube.ide.mcu.externaltools.gnu-tools-for-stm32.13.3.rel1.linux64_1.0.100.202509120712/tools/bin/../lib/gcc/arm-none-eabi/13.3.1/../../../../arm-none-eabi/lib/thumb/v7e-m+fp/hard/libc_nano.a(libc_a-wsetup.o)
                              /opt/st/stm32cubeide_2.0.0/plugins/com.st.stm32cube.ide.mcu.externaltools.gnu-tools-for-stm32.13.3.rel1.linux64_1.0.100.202509120712/tools/bin/../lib/gcc/arm-none-eabi/13.3.1/../../../../arm-none-eabi/lib/thumb/v7e-m+fp/hard/libc_nano.a(libc_a-puts.o) (__swsetup_r)
/opt/st/stm32cubeide_2.0.0/plugins/com.st.stm32cube.ide.mcu.externaltools.gnu-tools-for-stm32.13.3.rel1.linux64_1.0.100.202509120712/tools/bin/../lib/gcc/arm-none-eabi/13.3.1/../../../../arm-none-eabi/lib/thumb/v7e-m+fp/hard/libc_nano.a(libc_a-memset.o)
                              /opt/st/stm32cubeide_2.0.0/plugins/com.st.stm32cube.ide.mcu.externaltools.gnu-tools-for-stm32.13.3.rel1.linux64_1.0.100.202509120712/tools/bin/../lib/gcc/arm-none-eabi/13.3.1/../../../../arm-none-eabi/lib/thumb/v7e-m+fp/hard/crt0.o (memset)
/opt/st/stm32cubeide_2.0.0/plugins/com.st.stm32cube.ide.mcu.externaltools.gnu-tools-for-stm32.13.3.rel1.linux64_1.0.100.202509120712/tools/bin/../lib/gcc/arm-none-eabi/13.3.1/../../../../arm-none-eabi/lib/thumb/v7e-m+fp/hard/libc_nano.a(libc_a-closer.o)
[...]
Memory Configuration

Name             Origin             Length             Attributes
RAM              0x20000000         0x00020000         xrw
FLASH            0x08000000         0x00080000         xr
*default*        0x00000000         0xffffffff

Linker script and memory map

LOAD /opt/st/stm32cubeide_2.0.0/plugins/com.st.stm32cube.ide.mcu.externaltools.gnu-tools-for-stm32.13.3.rel1.linux64_1.0.100.202509120712/tools/bin/../lib/gcc/arm-none-eabi/13.3.1/thumb/v7e-m+fp/hard/crti.o
LOAD /opt/st/stm32cubeide_2.0.0/plugins/com.st.stm32cube.ide.mcu.externaltools.gnu-tools-for-stm32.13.3.rel1.linux64_1.0.100.202509120712/tools/bin/../lib/gcc/arm-none-eabi/13.3.1/thumb/v7e-m+fp/hard/crtbegin.o
LOAD /opt/st/stm32cubeide_2.0.0/plugins/com.st.stm32cube.ide.mcu.externaltools.gnu-tools-for-stm32.13.3.rel1.linux64_1.0.100.202509120712/tools/bin/../lib/gcc/arm-none-eabi/13.3.1/../../../../arm-none-eabi/lib/thumb/v7e-m+fp/hard/crt0.o
LOAD ./Core/Src/elevator.o
LOAD ./Core/Src/gpio.o
LOAD ./Core/Src/led.o
LOAD ./Core/Src/main.o
LOAD ./Core/Src/segment.o
LOAD ./Core/Src/stepper_t.o
LOAD ./Core/Src/stm32f4xx_hal_msp.o
LOAD ./Core/Src/stm32f4xx_it.o
LOAD ./Core/Src/syscalls.o
LOAD ./Core/Src/sysmem.o
LOAD ./Core/Src/system_stm32f4xx.o
LOAD ./Core/Src/tim.o
LOAD ./Core/Src/usart.o
LOAD ./Core/Startup/startup_stm32f411retx.o
LOAD ./Drivers/STM32F4xx_HAL_Driver/Src/stm32f4xx_hal.o
LOAD ./Drivers/STM32F4xx_HAL_Driver/Src/stm32f4xx_hal_cortex.o
LOAD ./Drivers/STM32F4xx_HAL_Driver/Src/stm32f4xx_hal_dma.o
LOAD ./Drivers/STM32F4xx_HAL_Driver/Src/stm32f4xx_hal_dma_ex.o
LOAD ./Drivers/STM32F4xx_HAL_Driver/Src/stm32f4xx_hal_exti.o
LOAD ./Drivers/STM32F4xx_HAL_Driver/Src/stm32f4xx_hal_flash.o
LOAD ./Drivers/STM32F4xx_HAL_Driver/Src/stm32f4xx_hal_flash_ex.o
LOAD ./Drivers/STM32F4xx_HAL_Driver/Src/stm32f4xx_hal_flash_ramfunc.o
LOAD ./Drivers/STM32F4xx_HAL_Driver/Src/stm32f4xx_hal_gpio.o
LOAD ./Drivers/STM32F4xx_HAL_Driver/Src/stm32f4xx_hal_pwr.o
LOAD ./Drivers/STM32F4xx_HAL_Driver/Src/stm32f4xx_hal_pwr_ex.o
LOAD ./Drivers/STM32F4xx_HAL_Driver/Src/stm32f4xx_hal_rcc.o
LOAD ./Drivers/STM32F4xx_HAL_Driver/Src/stm32f4xx_hal_rcc_ex.o
LOAD ./Drivers/STM32F4xx_HAL_Driver/Src/stm32f4xx_hal_tim.o
LOAD ./Drivers/STM32F4xx_HAL_Driver/Src/stm32f4xx_hal_tim_ex.o
LOAD ./Drivers/STM32F4xx_HAL_Driver/Src/stm32f4xx_hal_uart.o
START GROUP
LOAD /opt/st/stm32cubeide_2.0.0/plugins/com.st.stm32cube.ide.mcu.externaltools.gnu-tools-for-stm32.13.3.rel1.linux64_1.0.100.202509120712/tools/bin/../lib/gcc/arm-none-eabi/13.3.1/../../../../arm-none-eabi/lib/thumb/v7e-m+fp/hard/libc_nano.a
LOAD /opt/st/stm32cubeide_2.0.0/plugins/com.st.stm32cube.ide.mcu.externaltools.gnu-tools-for-stm32.13.3.rel1.linux64_1.0.100.202509120712/tools/bin/../lib/gcc/arm-none-eabi/13.3.1/../../../../arm-none-eabi/lib/thumb/v7e-m+fp/hard/libm.a
END GROUP
START GROUP
LOAD /opt/st/stm32cubeide_2.0.0/plugins/com.st.stm32cube.ide.mcu.externaltools.gnu-tools-for-stm32.13.3.rel1.linux64_1.0.100.202509120712/tools/bin/../lib/gcc/arm-none-eabi/13.3.1/thumb/v7e-m+fp/hard/libgcc.a
LOAD /opt/st/stm32cubeide_2.0.0/plugins/com.st.stm32cube.ide.mcu.externaltools.gnu-tools-for-stm32.13.3.rel1.linux64_1.0.100.202509120712/tools/bin/../lib/gcc/arm-none-eabi/13.3.1/../../../../arm-none-eabi/lib/thumb/v7e-m+fp/hard/libc_nano.a
END GROUP
START GROUP
LOAD /opt/st/stm32cubeide_2.0.0/plugins/com.st.stm32cube.ide.mcu.externaltools.gnu-tools-for-stm32.13.3.rel1.linux64_1.0.100.202509120712/tools/bin/../lib/gcc/arm-none-eabi/13.3.1/thumb/v7e-m+fp/hard/libgcc.a
LOAD /opt/st/stm32cubeide_2.0.0/plugins/com.st.stm32cube.ide.mcu.externaltools.gnu-tools-for-stm32.13.3.rel1.linux64_1.0.100.202509120712/tools/bin/../lib/gcc/arm-none-eabi/13.3.1/../../../../arm-none-eabi/lib/thumb/v7e-m+fp/hard/libc_nano.a
LOAD /opt/st/stm32cubeide_2.0.0/plugins/com.st.stm32cube.ide.mcu.externaltools.gnu-tools-for-stm32.13.3.rel1.linux64_1.0.100.202509120712/tools/bin/../lib/gcc/arm-none-eabi/13.3.1/../../../../arm-none-eabi/lib/thumb/v7e-m+fp/hard/libnosys.a
END GROUP
START GROUP
LOAD /opt/st/stm32cubeide_2.0.0/plugins/com.st.stm32cube.ide.mcu.externaltools.gnu-tools-for-stm32.13.3.rel1.linux64_1.0.100.202509120712/tools/bin/../lib/gcc/arm-none-eabi/13.3.1/thumb/v7e-m+fp/hard/libgcc.a
LOAD /opt/st/stm32cubeide_2.0.0/plugins/com.st.stm32cube.ide.mcu.externaltools.gnu-tools-for-stm32.13.3.rel1.linux64_1.0.100.202509120712/tools/bin/../lib/gcc/arm-none-eabi/13.3.1/../../../../arm-none-eabi/lib/thumb/v7e-m+fp/hard/libc_nano.a
LOAD /opt/st/stm32cubeide_2.0.0/plugins/com.st.stm32cube.ide.mcu.externaltools.gnu-tools-for-stm32.13.3.rel1.linux64_1.0.100.202509120712/tools/bin/../lib/gcc/arm-none-eabi/13.3.1/../../../../arm-none-eabi/lib/thumb/v7e-m+fp/hard/libnosys.a
END GROUP
LOAD /opt/st/stm32cubeide_2.0.0/plugins/com.st.stm32cube.ide.mcu.externaltools.gnu-tools-for-stm32.13.3.rel1.linux64_1.0.100.202509120712/tools/bin/../lib/gcc/arm-none-eabi/13.3.1/thumb/v7e-m+fp/hard/crtend.o
LOAD /opt/st/stm32cubeide_2.0.0/plugins/com.st.stm32cube.ide.mcu.externaltools.gnu-tools-for-stm32.13.3.rel1.linux64_1.0.100.202509120712/tools/bin/../lib/gcc/arm-none-eabi/13.3.1/thumb/v7e-m+fp/hard/crtn.o
                0x20020000                        _estack = (ORIGIN (RAM) + LENGTH (RAM))
                0x00000200                        _Min_Heap_Size = 0x200
                0x00000400                        _Min_Stack_Size = 0x400

.isr_vector     0x08000000      0x198
                0x08000000                        . = ALIGN (0x4)
 *(.isr_vector)
 .isr_vector    0x08000000      0x198 ./Core/Startup/startup_stm32f411retx.o
                0x08000000                g_pfnVectors
                0x08000198                        . = ALIGN (0x4)

.text           0x080001a0     0x5ed4
                0x080001a0                        . = ALIGN (0x4)
 *(.text)
 .text          0x080001a0       0x40 /opt/st/stm32cubeide_2.0.0/plugins/com.st.stm32cube.ide.mcu.externaltools.gnu-tools-for-stm32.13.3.rel1.linux64_1.0.100.202509120712/tools/bin/../lib/gcc/arm-none-eabi/13.3.1/thumb/v7e-m+fp/hard/crtbegin.o
 .text          0x080001e0       0xa0 /opt/st/stm32cubeide_2.0.0/plugins/com.st.stm32cube.ide.mcu.externaltools.gnu-tools-for-stm32.13.3.rel1.linux64_1.0.100.202509120712/tools/bin/../lib/gcc/arm-none-eabi/13.3.1/../../../../arm-none-eabi/lib/thumb/v7e-m+fp/hard/libc_nano.a(libc_a-memchr.o)
                0x080001e0                memchr
 .text          0x08000280       0x30 /opt/st/stm32cubeide_2.0.0/plugins/com.st.stm32cube.ide.mcu.externaltools.gnu-tools-for-stm32.13.3.rel1.linux64_1.0.100.202509120712/tools/bin/../lib/gcc/arm-none-eabi/13.3.1/thumb/v7e-m+fp/hard/libgcc.a(_aeabi_uldivmod.o)
                0x08000280                __aeabi_uldivmod
 .text          0x080002b0      0x2f8 /opt/st/stm32cubeide_2.0.0/plugins/com.st.stm32cube.ide.mcu.externaltools.gnu-tools-for-stm32.13.3.rel1.linux64_1.0.100.202509120712/tools/bin/../lib/gcc/arm-none-eabi/13.3.1/thumb/v7e-m+fp/hard/libgcc.a(_udivmoddi4.o)
                0x080002b0                __udivmoddi4
 .text          0x080005a8        0x4 /opt/st/stm32cubeide_2.0.0/plugins/com.st.stm32cube.ide.mcu.externaltools.gnu-tools-for-stm32.13.3.rel1.linux64_1.0.100.202509120712/tools/bin/../lib/gcc/arm-none-eabi/13.3.1/thumb/v7e-m+fp/hard/libgcc.a(_dvmd_tls.o)
                0x080005a8                __aeabi_ldiv0
                0x080005a8                __aeabi_idiv0
 *(.text*)
 .text.btn_tPressed
                0x080005ac       0xb8 ./Core/Src/elevator.o
                0x080005ac                btn_tPressed
 .text.btnCheck
                0x08000664       0x44 ./Core/Src/elevator.o
                0x08000664                btnCheck
 .text.elvinit  0x080006a8       0xe0 ./Core/Src/elevator.o
                0x080006a8                elvinit
 .text.res      0x08000788      0x204 ./Core/Src/elevator.o
                0x08000788                res
 .text.fl_check
                0x0800098c       0x50 ./Core/Src/elevator.o
                0x0800098c                fl_check
 .text.Do       0x080009dc      0x1ee ./Core/Src/elevator.o
                0x080009dc                Do
 .text.MT       0x08000bca       0x50 ./Core/Src/elevator.o
                0x08000bca                MT
 .text.preGoal  0x08000c1a       0xbe ./Core/Src/elevator.o
                0x08000c1a                preGoal
 .text.ABSGoing
                0x08000cd8       0xa8 ./Core/Src/elevator.o
                0x08000cd8                ABSGoing
 .text.Goal     0x08000d80       0xa8 ./Core/Src/elevator.o
                0x08000d80                Goal
 .text.Going    0x08000e28       0xd8 ./Core/Src/elevator.o
                0x08000e28                Going
 .text.Open     0x08000f00      0x178 ./Core/Src/elevator.o
                0x08000f00                Open
 .text.MX_GPIO_Init
                0x08001078      0x1a0 ./Core/Src/gpio.o
                0x08001078                MX_GPIO_Init
 .text.ledOn    0x08001218       0x50 ./Core/Src/led.o
                0x08001218                ledOn
 .text.ledOff   0x08001268       0x50 ./Core/Src/led.o
                0x08001268                ledOff
 .text.ledLeftShift_Task
                0x080012b8       0x74 ./Core/Src/led.o
                0x080012b8                ledLeftShift_Task
 .text.ledRightShift_Task
                0x0800132c       0x70 ./Core/Src/led.o
                0x0800132c                ledRightShift_Task
 .text._write   0x0800139c       0x28 ./Core/Src/main.o
                0x0800139c                _write
 .text.HAL_TIM_PeriodElapsedCallback
                0x080013c4       0x28 ./Core/Src/main.o
                0x080013c4                HAL_TIM_PeriodElapsedCallback
 .text.main     0x080013ec       0xfc ./Core/Src/main.o
                0x080013ec                main
 .text.SystemClock_Config
                0x080014e8       0xd0 ./Core/Src/main.o
                0x080014e8                SystemClock_Config
 .text.DEBUG_ElevatorStatus
                0x080015b8      0x178 ./Core/Src/main.o
                0x080015b8                DEBUG_ElevatorStatus
 .text.Error_Handler
                0x08001730        0xc ./Core/Src/main.o
                0x08001730                Error_Handler
 .text.segmentDisplay
                0x0800173c       0xd0 ./Core/Src/segment.o
                0x0800173c                segmentDisplay
 .text.Stepper_SetSpeed
                0x0800180c       0x64 ./Core/Src/stepper_t.o
 .text.Stepper_Init
                0x08001870       0x34 ./Core/Src/stepper_t.o
                0x08001870                Stepper_Init
 .text.Stepper_Start
                0x080018a4       0x74 ./Core/Src/stepper_t.o
                0x080018a4                Stepper_Start
 .text.Stepper_Task
                0x08001918       0x56 ./Core/Src/stepper_t.o
                0x08001918                Stepper_Task
 *fill*         0x0800196e        0x2 
 .text.Stepper_ISR
                0x08001970       0xdc ./Core/Src/stepper_t.o
                0x08001970                Stepper_ISR
 .text.HAL_MspInit
                0x08001a4c       0x50 ./Core/Src/stm32f4xx_hal_msp.o
                0x08001a4c                HAL_MspInit
 .text.NMI_Handler
                0x08001a9c        0x8 ./Core/Src/stm32f4xx_it.o
                0x08001a9c                NMI_Handler
 .text.HardFault_Handler
                0x08001aa4        0x8 ./Core/Src/stm32f4xx_it.o
                0x08001aa4                HardFault_Handler
 .text.MemManage_Handler
                0x08001aac        0x8 ./Core/Src/stm32f4xx_it.o
                0x08001aac                MemManage_Handler
 .text.BusFault_Handler
                0x08001ab4        0x8 ./Core/Src/stm32f4xx_it.o
                0x08001ab4                BusFault_Handler
 .text.UsageFault_Handler
                0x08001abc        0x8 ./Core/Src/stm32f4xx_it.o
                0x08001abc                UsageFault_Handler
 .text.SVC_Handler
                0x08001ac4        0xe ./Core/Src/stm32f4xx_it.o
                0x08001ac4                SVC_Handler
 .text.DebugMon_Handler
                0x08001ad2        0xe ./Core/Src/stm32f4xx_it.o
                0x08001ad2                DebugMon_Handler
 .text.PendSV_Handler
                0x08001ae0        0xe ./Core/Src/stm32f4xx_it.o
                0x08001ae0                PendSV_Handler
 .text.SysTick_Handler
                0x08001aee        0xc ./Core/Src/stm32f4xx_it.o
                0x08001aee                SysTick_Handler
 *fill*         0x08001afa        0x2 
 .text.TIM1_UP_TIM10_IRQHandler
                0x08001afc       0x14 ./Core/Src/stm32f4xx_it.o
                0x08001afc                TIM1_UP_TIM10_IRQHandler
 .text.TIM3_IRQHandler
                0x08001b10       0x14 ./Core/Src/stm32f4xx_it.o
                0x08001b10                TIM3_IRQHandler
 .text.USART2_IRQHandler
                0x08001b24       0x14 ./Core/Src/stm32f4xx_it.o
                0x08001b24                USART2_IRQHandler
 .text._read    0x08001b38       0x3a ./Core/Src/syscalls.o
                0x08001b38                _read
 .text._close   0x08001b72       0x18 ./Core/Src/syscalls.o
                0x08001b72                _close
 .text._fstat   0x08001b8a       0x20 ./Core/Src/syscalls.o
                0x08001b8a                _fstat
 .text._isatty  0x08001baa       0x16 ./Core/Src/syscalls.o
                0x08001baa                _isatty
 .text._lseek   0x08001bc0       0x1a ./Core/Src/syscalls.o
                0x08001bc0                _lseek
 *fill*         0x08001bda        0x2 
 .text._sbrk    0x08001bdc       0x6c ./Core/Src/sysmem.o
                0x08001bdc                _sbrk
 .text.SystemInit
                0x08001c48       0x24 ./Core/Src/system_stm32f4xx.o
                0x08001c48                SystemInit
 .text.MX_TIM3_Init
                0x08001c6c       0xe0 ./Core/Src/tim.o
                0x08001c6c                MX_TIM3_Init
 .text.MX_TIM10_Init
                0x08001d4c       0x48 ./Core/Src/tim.o
                0x08001d4c                MX_TIM10_Init
 .text.MX_TIM11_Init
                0x08001d94       0x48 ./Core/Src/tim.o
                0x08001d94                MX_TIM11_Init
 .text.HAL_TIM_Base_MspInit
                0x08001ddc      0x108 ./Core/Src/tim.o
                0x08001ddc                HAL_TIM_Base_MspInit
 .text.MX_USART2_UART_Init
                0x08001ee4       0x54 ./Core/Src/usart.o
                0x08001ee4                MX_USART2_UART_Init
 .text.HAL_UART_MspInit
                0x08001f38       0xa0 ./Core/Src/usart.o
                0x08001f38                HAL_UART_MspInit
 .text.Reset_Handler
                0x08001fd8       0x50 ./Core/Startup/startup_stm32f411retx.o
                0x08001fd8                Reset_Handler
 .text.Default_Handler
                0x08002028        0x2 ./Core/Startup/startup_stm32f411retx.o
                0x08002028                RTC_Alarm_IRQHandler
                0x08002028                EXTI2_IRQHandler
                0x08002028                SPI4_IRQHandler
                0x08002028                TIM1_CC_IRQHandler
                0x08002028                DMA2_Stream5_IRQHandler
                0x08002028                DMA1_Stream5_IRQHandler
                0x08002028                PVD_IRQHandler
                0x08002028                SDIO_IRQHandler
                0x08002028                TAMP_STAMP_IRQHandler
                0x08002028                EXTI3_IRQHandler
                0x08002028                I2C3_ER_IRQHandler
                0x08002028                EXTI0_IRQHandler
                0x08002028                I2C2_EV_IRQHandler
                0x08002028                DMA1_Stream2_IRQHandler
                0x08002028                FPU_IRQHandler
                0x08002028                DMA2_Stream2_IRQHandler
                0x08002028                SPI1_IRQHandler
                0x08002028                TIM1_BRK_TIM9_IRQHandler
                0x08002028                DMA2_Stream3_IRQHandler
                0x08002028                USART6_IRQHandler
                0x08002028                DMA2_Stream0_IRQHandler
                0x08002028                TIM4_IRQHandler
                0x08002028                I2C1_EV_IRQHandler
                0x08002028                DMA1_Stream6_IRQHandler
                0x08002028                DMA1_Stream1_IRQHandler
                0x08002028                RCC_IRQHandler
                0x08002028                Default_Handler
                0x08002028                EXTI15_10_IRQHandler
                0x08002028                ADC_IRQHandler
                0x08002028                DMA1_Stream7_IRQHandler
                0x08002028                SPI5_IRQHandler
                0x08002028                TIM5_IRQHandler
                0x08002028                DMA2_Stream7_IRQHandler
                0x08002028                I2C3_EV_IRQHandler
                0x08002028                EXTI9_5_IRQHandler
                0x08002028                RTC_WKUP_IRQHandler
                0x08002028                SPI2_IRQHandler
                0x08002028                DMA1_Stream0_IRQHandler
                0x08002028                EXTI4_IRQHandler
                0x08002028                WWDG_IRQHandler
                0x08002028                TIM2_IRQHandler
                0x08002028                OTG_FS_WKUP_IRQHandler
                0x08002028                TIM1_TRG_COM_TIM11_IRQHandler
                0x08002028                EXTI1_IRQHandler
                0x08002028                I2C2_ER_IRQHandler
                0x08002028                DMA2_Stream1_IRQHandler
                0x08002028                FLASH_IRQHandler
                0x08002028                DMA2_Stream4_IRQHandler
                0x08002028                USART1_IRQHandler
                0x08002028                OTG_FS_IRQHandler
                0x08002028                SPI3_IRQHandler
                0x08002028                DMA1_Stream4_IRQHandler
                0x08002028                I2C1_ER_IRQHandler
                0x08002028                DMA2_Stream6_IRQHandler
                0x08002028                DMA1_Stream3_IRQHandler
 *fill*         0x0800202a        0x2 
 .text.HAL_Init
                0x0800202c       0x44 ./Drivers/STM32F4xx_HAL_Driver/Src/stm32f4xx_hal.o
                0x0800202c                HAL_Init
 .text.HAL_InitTick
                0x08002070       0x60 ./Drivers/STM32F4xx_HAL_Driver/Src/stm32f4xx_hal.o
                0x08002070                HAL_InitTick
 .text.HAL_IncTick
                0x080020d0       0x28 ./Drivers/STM32F4xx_HAL_Driver/Src/stm32f4xx_hal.o
                0x080020d0                HAL_IncTick
 .text.HAL_GetTick
                0x080020f8       0x18 ./Drivers/STM32F4xx_HAL_Driver/Src/stm32f4xx_hal.o
                0x080020f8                HAL_GetTick
 .text.__NVIC_SetPriorityGrouping
                0x08002110       0x48 ./Drivers/STM32F4xx_HAL_Driver/Src/stm32f4xx_hal_cortex.o
 .text.__NVIC_GetPriorityGrouping
                0x08002158       0x1c ./Drivers/STM32F4xx_HAL_Driver/Src/stm32f4xx_hal_cortex.o
 .text.__NVIC_EnableIRQ
                0x08002174       0x3c ./Drivers/STM32F4xx_HAL_Driver/Src/stm32f4xx_hal_cortex.o
 .text.__NVIC_SetPriority
                0x080021b0       0x54 ./Drivers/STM32F4xx_HAL_Driver/Src/stm32f4xx_hal_cortex.o
 .text.NVIC_EncodePriority
                0x08002204       0x66 ./Drivers/STM32F4xx_HAL_Driver/Src/stm32f4xx_hal_cortex.o
 *fill*         0x0800226a        0x2 
 .text.SysTick_Config
                0x0800226c       0x44 ./Drivers/STM32F4xx_HAL_Driver/Src/stm32f4xx_hal_cortex.o
 .text.HAL_NVIC_SetPriorityGrouping
                0x080022b0       0x16 ./Drivers/STM32F4xx_HAL_Driver/Src/stm32f4xx_hal_cortex.o
                0x080022b0                HAL_NVIC_SetPriorityGrouping
 .text.HAL_NVIC_SetPriority
                0x080022c6       0x38 ./Drivers/STM32F4xx_HAL_Driver/Src/stm32f4xx_hal_cortex.o
                0x080022c6                HAL_NVIC_SetPriority
 .text.HAL_NVIC_EnableIRQ
                0x080022fe       0x1c ./Drivers/STM32F4xx_HAL_Driver/Src/stm32f4xx_hal_cortex.o
                0x080022fe                HAL_NVIC_EnableIRQ
 .text.HAL_SYSTICK_Config
                0x0800231a       0x18 ./Drivers/STM32F4xx_HAL_Driver/Src/stm32f4xx_hal_cortex.o
                0x0800231a                HAL_SYSTICK_Config
 .text.HAL_DMA_Abort
                0x08002332       0xe0 ./Drivers/STM32F4xx_HAL_Driver/Src/stm32f4xx_hal_dma.o
                0x08002332                HAL_DMA_Abort
 .text.HAL_DMA_Abort_IT
                0x08002412       0x44 ./Drivers/STM32F4xx_HAL_Driver/Src/stm32f4xx_hal_dma.o
                0x08002412                HAL_DMA_Abort_IT
 *fill*         0x08002456        0x2 
 .text.HAL_GPIO_Init
                0x08002458      0x308 ./Drivers/STM32F4xx_HAL_Driver/Src/stm32f4xx_hal_gpio.o
                0x08002458                HAL_GPIO_Init
 .text.HAL_GPIO_ReadPin
                0x08002760       0x30 ./Drivers/STM32F4xx_HAL_Driver/Src/stm32f4xx_hal_gpio.o
                0x08002760                HAL_GPIO_ReadPin
 .text.HAL_GPIO_WritePin
                0x08002790       0x32 ./Drivers/STM32F4xx_HAL_Driver/Src/stm32f4xx_hal_gpio.o
                0x08002790                HAL_GPIO_WritePin
 *fill*         0x080027c2        0x2 
 .text.HAL_RCC_OscConfig
                0x080027c4      0x4f0 ./Drivers/STM32F4xx_HAL_Driver/Src/stm32f4xx_hal_rcc.o
                0x080027c4                HAL_RCC_OscConfig
 .text.HAL_RCC_ClockConfig
                0x08002cb4      0x1cc ./Drivers/STM32F4xx_HAL_Driver/Src/stm32f4xx_hal_rcc.o
                0x08002cb4                HAL_RCC_ClockConfig
 .text.HAL_RCC_GetSysClockFreq
                0x08002e80      0x20c ./Drivers/STM32F4xx_HAL_Driver/Src/stm32f4xx_hal_rcc.o
                0x08002e80                HAL_RCC_GetSysClockFreq
 .text.HAL_RCC_GetHCLKFreq
                0x0800308c       0x18 ./Drivers/STM32F4xx_HAL_Driver/Src/stm32f4xx_hal_rcc.o
                0x0800308c                HAL_RCC_GetHCLKFreq
 .text.HAL_RCC_GetPCLK1Freq
                0x080030a4       0x28 ./Drivers/STM32F4xx_HAL_Driver/Src/stm32f4xx_hal_rcc.o
                0x080030a4                HAL_RCC_GetPCLK1Freq
 .text.HAL_RCC_GetPCLK2Freq
                0x080030cc       0x28 ./Drivers/STM32F4xx_HAL_Driver/Src/stm32f4xx_hal_rcc.o
                0x080030cc                HAL_RCC_GetPCLK2Freq
 .text.HAL_TIM_Base_Init
                0x080030f4       0x9e ./Drivers/STM32F4xx_HAL_Driver/Src/stm32f4xx_hal_tim.o
                0x080030f4                HAL_TIM_Base_Init
 *fill*         0x08003192        0x2 
 .text.HAL_TIM_Base_Start
                0x08003194       0xb4 ./Drivers/STM32F4xx_HAL_Driver/Src/stm32f4xx_hal_tim.o
                0x08003194                HAL_TIM_Base_Start
 .text.HAL_TIM_Base_Start_IT
                0x08003248       0xc4 ./Drivers/STM32F4xx_HAL_Driver/Src/stm32f4xx_hal_tim.o
                0x08003248                HAL_TIM_Base_Start_IT
 .text.HAL_TIM_Base_Stop_IT
                0x0800330c       0x5e ./Drivers/STM32F4xx_HAL_Driver/Src/stm32f4xx_hal_tim.o
                0x0800330c                HAL_TIM_Base_Stop_IT
 .text.HAL_TIM_IC_Init
                0x0800336a       0x9e ./Drivers/STM32F4xx_HAL_Driver/Src/stm32f4xx_hal_tim.o
                0x0800336a                HAL_TIM_IC_Init
 .text.HAL_TIM_IC_MspInit
                0x08003408       0x14 ./Drivers/STM32F4xx_HAL_Driver/Src/stm32f4xx_hal_tim.o
                0x08003408                HAL_TIM_IC_MspInit
 .text.HAL_TIM_IC_Start_IT
                0x0800341c      0x234 ./Drivers/STM32F4xx_HAL_Driver/Src/stm32f4xx_hal_tim.o
                0x0800341c                HAL_TIM_IC_Start_IT
 .text.HAL_TIM_IRQHandler
                0x08003650      0x1e0 ./Drivers/STM32F4xx_HAL_Driver/Src/stm32f4xx_hal_tim.o
                0x08003650                HAL_TIM_IRQHandler
 .text.HAL_TIM_IC_ConfigChannel
                0x08003830      0x138 ./Drivers/STM32F4xx_HAL_Driver/Src/stm32f4xx_hal_tim.o
                0x08003830                HAL_TIM_IC_ConfigChannel
 .text.HAL_TIM_ConfigClockSource
                0x08003968      0x18e ./Drivers/STM32F4xx_HAL_Driver/Src/stm32f4xx_hal_tim.o
                0x08003968                HAL_TIM_ConfigClockSource
 .text.HAL_TIM_OC_DelayElapsedCallback
                0x08003af6       0x14 ./Drivers/STM32F4xx_HAL_Driver/Src/stm32f4xx_hal_tim.o
                0x08003af6                HAL_TIM_OC_DelayElapsedCallback
 .text.HAL_TIM_IC_CaptureCallback
                0x08003b0a       0x14 ./Drivers/STM32F4xx_HAL_Driver/Src/stm32f4xx_hal_tim.o
                0x08003b0a                HAL_TIM_IC_CaptureCallback
 .text.HAL_TIM_PWM_PulseFinishedCallback
                0x08003b1e       0x14 ./Drivers/STM32F4xx_HAL_Driver/Src/stm32f4xx_hal_tim.o
                0x08003b1e                HAL_TIM_PWM_PulseFinishedCallback
 .text.HAL_TIM_TriggerCallback
                0x08003b32       0x14 ./Drivers/STM32F4xx_HAL_Driver/Src/stm32f4xx_hal_tim.o
                0x08003b32                HAL_TIM_TriggerCallback
 *fill*         0x08003b46        0x2 
 .text.TIM_Base_SetConfig
                0x08003b48      0x10c ./Drivers/STM32F4xx_HAL_Driver/Src/stm32f4xx_hal_tim.o
                0x08003b48                TIM_Base_SetConfig
 .text.TIM_TI1_SetConfig
                0x08003c54       0xd0 ./Drivers/STM32F4xx_HAL_Driver/Src/stm32f4xx_hal_tim.o
                0x08003c54                TIM_TI1_SetConfig
 .text.TIM_TI1_ConfigInputStage
                0x08003d24       0x5e ./Drivers/STM32F4xx_HAL_Driver/Src/stm32f4xx_hal_tim.o
 .text.TIM_TI2_SetConfig
                0x08003d82       0x7a ./Drivers/STM32F4xx_HAL_Driver/Src/stm32f4xx_hal_tim.o
 .text.TIM_TI2_ConfigInputStage
                0x08003dfc       0x60 ./Drivers/STM32F4xx_HAL_Driver/Src/stm32f4xx_hal_tim.o
 .text.TIM_TI3_SetConfig
                0x08003e5c       0x78 ./Drivers/STM32F4xx_HAL_Driver/Src/stm32f4xx_hal_tim.o
 .text.TIM_TI4_SetConfig
                0x08003ed4       0x7a ./Drivers/STM32F4xx_HAL_Driver/Src/stm32f4xx_hal_tim.o
 .text.TIM_ITRx_SetConfig
                0x08003f4e       0x36 ./Drivers/STM32F4xx_HAL_Driver/Src/stm32f4xx_hal_tim.o
 .text.TIM_ETR_SetConfig
                0x08003f84       0x40 ./Drivers/STM32F4xx_HAL_Driver/Src/stm32f4xx_hal_tim.o
                0x08003f84                TIM_ETR_SetConfig
 .text.TIM_CCxChannelCmd
                0x08003fc4       0x4a ./Drivers/STM32F4xx_HAL_Driver/Src/stm32f4xx_hal_tim.o
                0x08003fc4                TIM_CCxChannelCmd
 *fill*         0x0800400e        0x2 
 .text.HAL_TIMEx_MasterConfigSynchronization
                0x08004010       0xdc ./Drivers/STM32F4xx_HAL_Driver/Src/stm32f4xx_hal_tim_ex.o
                0x08004010                HAL_TIMEx_MasterConfigSynchronization
 .text.HAL_TIMEx_CommutCallback
                0x080040ec       0x14 ./Drivers/STM32F4xx_HAL_Driver/Src/stm32f4xx_hal_tim_ex.o
                0x080040ec                HAL_TIMEx_CommutCallback
 .text.HAL_TIMEx_BreakCallback
                0x08004100       0x14 ./Drivers/STM32F4xx_HAL_Driver/Src/stm32f4xx_hal_tim_ex.o
                0x08004100                HAL_TIMEx_BreakCallback
 .text.HAL_UART_Init
                0x08004114       0xa0 ./Drivers/STM32F4xx_HAL_Driver/Src/stm32f4xx_hal_uart.o
                0x08004114                HAL_UART_Init
 .text.HAL_UART_Transmit
                0x080041b4      0x116 ./Drivers/STM32F4xx_HAL_Driver/Src/stm32f4xx_hal_uart.o
                0x080041b4                HAL_UART_Transmit
 *fill*         0x080042ca        0x2 
 .text.HAL_UART_IRQHandler
                0x080042cc      0x554 ./Drivers/STM32F4xx_HAL_Driver/Src/stm32f4xx_hal_uart.o
                0x080042cc                HAL_UART_IRQHandler
 .text.HAL_UART_TxCpltCallback
                0x08004820       0x14 ./Drivers/STM32F4xx_HAL_Driver/Src/stm32f4xx_hal_uart.o
                0x08004820                HAL_UART_TxCpltCallback
 .text.HAL_UART_RxCpltCallback
                0x08004834       0x14 ./Drivers/STM32F4xx_HAL_Driver/Src/stm32f4xx_hal_uart.o
                0x08004834                HAL_UART_RxCpltCallback
 .text.HAL_UART_ErrorCallback
                0x08004848       0x14 ./Drivers/STM32F4xx_HAL_Driver/Src/stm32f4xx_hal_uart.o
                0x08004848                HAL_UART_ErrorCallback
 .text.HAL_UARTEx_RxEventCallback
                0x0800485c       0x18 ./Drivers/STM32F4xx_HAL_Driver/Src/stm32f4xx_hal_uart.o
                0x0800485c                HAL_UARTEx_RxEventCallback
 .text.UART_WaitOnFlagUntilTimeout
                0x08004874       0xb2 ./Drivers/STM32F4xx_HAL_Driver/Src/stm32f4xx_hal_uart.o
 .text.UART_EndRxTransfer
                0x08004926       0xc6 ./Drivers/STM32F4xx_HAL_Driver/Src/stm32f4xx_hal_uart.o
 .text.UART_DMAAbortOnError
                0x080049ec       0x22 ./Drivers/STM32F4xx_HAL_Driver/Src/stm32f4xx_hal_uart.o
 .text.UART_Transmit_IT
                0x08004a0e       0xa0 ./Drivers/STM32F4xx_HAL_Driver/Src/stm32f4xx_hal_uart.o
 .text.UART_EndTransmit_IT
                0x08004aae       0x30 ./Drivers/STM32F4xx_HAL_Driver/Src/stm32f4xx_hal_uart.o
 .text.UART_Receive_IT
                0x08004ade      0x17c ./Drivers/STM32F4xx_HAL_Driver/Src/stm32f4xx_hal_uart.o
 *fill*         0x08004c5a        0x2 
 .text.UART_SetConfig
                0x08004c5c      0x4e8 ./Drivers/STM32F4xx_HAL_Driver/Src/stm32f4xx_hal_uart.o
 .text.std      0x08005144       0x6c /opt/st/stm32cubeide_2.0.0/plugins/com.st.stm32cube.ide.mcu.externaltools.gnu-tools-for-stm32.13.3.rel1.linux64_1.0.100.202509120712/tools/bin/../lib/gcc/arm-none-eabi/13.3.1/../../../../arm-none-eabi/lib/thumb/v7e-m+fp/hard/libc_nano.a(libc_a-findfp.o)
 .text.stdio_exit_handler
                0x080051b0       0x18 /opt/st/stm32cubeide_2.0.0/plugins/com.st.stm32cube.ide.mcu.externaltools.gnu-tools-for-stm32.13.3.rel1.linux64_1.0.100.202509120712/tools/bin/../lib/gcc/arm-none-eabi/13.3.1/../../../../arm-none-eabi/lib/thumb/v7e-m+fp/hard/libc_nano.a(libc_a-findfp.o)
 .text.cleanup_stdio
                0x080051c8       0x40 /opt/st/stm32cubeide_2.0.0/plugins/com.st.stm32cube.ide.mcu.externaltools.gnu-tools-for-stm32.13.3.rel1.linux64_1.0.100.202509120712/tools/bin/../lib/gcc/arm-none-eabi/13.3.1/../../../../arm-none-eabi/lib/thumb/v7e-m+fp/hard/libc_nano.a(libc_a-findfp.o)
 .text.global_stdio_init.part.0
                0x08005208       0x3c /opt/st/stm32cubeide_2.0.0/plugins/com.st.stm32cube.ide.mcu.externaltools.gnu-tools-for-stm32.13.3.rel1.linux64_1.0.100.202509120712/tools/bin/../lib/gcc/arm-none-eabi/13.3.1/../../../../arm-none-eabi/lib/thumb/v7e-m+fp/hard/libc_nano.a(libc_a-findfp.o)
 .text.__sfp_lock_acquire
                0x08005244        0xc /opt/st/stm32cubeide_2.0.0/plugins/com.st.stm32cube.ide.mcu.externaltools.gnu-tools-for-stm32.13.3.rel1.linux64_1.0.100.202509120712/tools/bin/../lib/gcc/arm-none-eabi/13.3.1/../../../../arm-none-eabi/lib/thumb/v7e-m+fp/hard/libc_nano.a(libc_a-findfp.o)
                0x08005244                __sfp_lock_acquire
 .text.__sfp_lock_release
                0x08005250        0xc /opt/st/stm32cubeide_2.0.0/plugins/com.st.stm32cube.ide.mcu.externaltools.gnu-tools-for-stm32.13.3.rel1.linux64_1.0.100.202509120712/tools/bin/../lib/gcc/arm-none-eabi/13.3.1/../../../../arm-none-eabi/lib/thumb/v7e-m+fp/hard/libc_nano.a(libc_a-findfp.o)
                0x08005250                __sfp_lock_release
 .text.__sinit  0x0800525c       0x30 /opt/st/stm32cubeide_2.0.0/plugins/com.st.stm32cube.ide.mcu.externaltools.gnu-tools-for-stm32.13.3.rel1.linux64_1.0.100.202509120712/tools/bin/../lib/gcc/arm-none-eabi/13.3.1/../../../../arm-none-eabi/lib/thumb/v7e-m+fp/hard/libc_nano.a(libc_a-findfp.o)
                0x0800525c                __sinit
 .text._fwalk_sglue
                0x0800528c       0x3c /opt/st/stm32cubeide_2.0.0/plugins/com.st.stm32cube.ide.mcu.externaltools.gnu-tools-for-stm32.13.3.rel1.linux64_1.0.100.202509120712/tools/bin/../lib/gcc/arm-none-eabi/13.3.1/../../../../arm-none-eabi/lib/thumb/v7e-m+fp/hard/libc_nano.a(libc_a-fwalk.o)
                0x0800528c                _fwalk_sglue
 .text.printf   0x080052c8       0x24 /opt/st/stm32cubeide_2.0.0/plugins/com.st.stm32cube.ide.mcu.externaltools.gnu-tools-for-stm32.13.3.rel1.linux64_1.0.100.202509120712/tools/bin/../lib/gcc/arm-none-eabi/13.3.1/../../../../arm-none-eabi/lib/thumb/v7e-m+fp/hard/libc_nano.a(libc_a-printf.o)
                0x080052c8                printf
                0x080052c8                iprintf
 .text._puts_r  0x080052ec       0xaa /opt/st/stm32cubeide_2.0.0/plugins/com.st.stm32cube.ide.mcu.externaltools.gnu-tools-for-stm32.13.3.rel1.linux64_1.0.100.202509120712/tools/bin/../lib/gcc/arm-none-eabi/13.3.1/../../../../arm-none-eabi/lib/thumb/v7e-m+fp/hard/libc_nano.a(libc_a-puts.o)
                0x080052ec                _puts_r
 *fill*         0x08005396        0x2 
 .text.puts     0x08005398       0x10 /opt/st/stm32cubeide_2.0.0/plugins/com.st.stm32cube.ide.mcu.externaltools.gnu-tools-for-stm32.13.3.rel1.linux64_1.0.100.202509120712/tools/bin/../lib/gcc/arm-none-eabi/13.3.1/../../../../arm-none-eabi/lib/thumb/v7e-m+fp/hard/libc_nano.a(libc_a-puts.o)
                0x08005398                puts
 .text.__sread  0x080053a8       0x22 /opt/st/stm32cubeide_2.0.0/plugins/com.st.stm32cube.ide.mcu.externaltools.gnu-tools-for-stm32.13.3.rel1.linux64_1.0.100.202509120712/tools/bin/../lib/gcc/arm-none-eabi/13.3.1/../../../../arm-none-eabi/lib/thumb/v7e-m+fp/hard/libc_nano.a(libc_a-stdio.o)
                0x080053a8                __sread
 .text.__swrite
                0x080053ca       0x38 /opt/st/stm32cubeide_2.0.0/plugins/com.st.stm32cube.ide.mcu.externaltools.gnu-tools-for-stm32.13.3.rel1.linux64_1.0.100.202509120712/tools/bin/../lib/gcc/arm-none-eabi/13.3.1/../../../../arm-none-eabi/lib/thumb/v7e-m+fp/hard/libc_nano.a(libc_a-stdio.o)
                0x080053ca                __swrite
 .text.__sseek  0x08005402       0x24 /opt/st/stm32cubeide_2.0.0/plugins/com.st.stm32cube.ide.mcu.externaltools.gnu-tools-for-stm32.13.3.rel1.linux64_1.0.100.202509120712/tools/bin/../lib/gcc/arm-none-eabi/13.3.1/../../../../arm-none-eabi/lib/thumb/v7e-m+fp/hard/libc_nano.a(libc_a-stdio.o)
                0x08005402                __sseek
 .text.__sclose
                0x08005426        0x8 /opt/st/stm32cubeide_2.0.0/plugins/com.st.stm32cube.ide.mcu.externaltools.gnu-tools-for-stm32.13.3.rel1.linux64_1.0.100.202509120712/tools/bin/../lib/gcc/arm-none-eabi/13.3.1/../../../../arm-none-eabi/lib/thumb/v7e-m+fp/hard/libc_nano.a(libc_a-stdio.o)
                0x08005426                __sclose
 .text.__swbuf_r
                0x0800542e       0x7c /opt/st/stm32cubeide_2.0.0/plugins/com.st.stm32cube.ide.mcu.externaltools.gnu-tools-for-stm32.13.3.rel1.linux64_1.0.100.202509120712/tools/bin/../lib/gcc/arm-none-eabi/13.3.1/../../../../arm-none-eabi/lib/thumb/v7e-m+fp/hard/libc_nano.a(libc_a-wbuf.o)
                0x0800542e                __swbuf_r
 *fill*         0x080054aa        0x2 
 .text.__swsetup_r
                0x080054ac       0xac /opt/st/stm32cubeide_2.0.0/plugins/com.st.stm32cube.ide.mcu.externaltools.gnu-tools-for-stm32.13.3.rel1.linux64_1.0.100.202509120712/tools/bin/../lib/gcc/arm-none-eabi/13.3.1/../../../../arm-none-eabi/lib/thumb/v7e-m+fp/hard/libc_nano.a(libc_a-wsetup.o)
                0x080054ac                __swsetup_r
 .text.memset   0x08005558       0x10 /opt/st/stm32cubeide_2.0.0/plugins/com.st.stm32cube.ide.mcu.externaltools.gnu-tools-for-stm32.13.3.rel1.linux64_1.0.100.202509120712/tools/bin/../lib/gcc/arm-none-eabi/13.3.1/../../../../arm-none-eabi/lib/thumb/v7e-m+fp/hard/libc_nano.a(libc_a-memset.o)
                0x08005558                memset
 .text._close_r
                0x08005568       0x20 /opt/st/stm32cubeide_2.0.0/plugins/com.st.stm32cube.ide.mcu.externaltools.gnu-tools-for-stm32.13.3.rel1.linux64_1.0.100.202509120712/tools/bin/../lib/gcc/arm-none-eabi/13.3.1/../../../../arm-none-eabi/lib/thumb/v7e-m+fp/hard/libc_nano.a(libc_a-closer.o)
                0x08005568                _close_r
 .text._lseek_r
                0x08005588       0x24 /opt/st/stm32cubeide_2.0.0/plugins/com.st.stm32cube.ide.mcu.externaltools.gnu-tools-for-stm32.13.3.rel1.linux64_1.0.100.202509120712/tools/bin/../lib/gcc/arm-none-eabi/13.3.1/../../../../arm-none-eabi/lib/thumb/v7e-m+fp/hard/libc_nano.a(libc_a-lseekr.o)
                0x08005588                _lseek_r
 .text._read_r  0x080055ac       0x24 /opt/st/stm32cubeide_2.0.0/plugins/com.st.stm32cube.ide.mcu.externaltools.gnu-tools-for-stm32.13.3.rel1.linux64_1.0.100.202509120712/tools/bin/../lib/gcc/arm-none-eabi/13.3.1/../../../../arm-none-eabi/lib/thumb/v7e-m+fp/hard/libc_nano.a(libc_a-readr.o)
                0x080055ac                _read_r
 .text._write_r
                0x080055d0       0x24 /opt/st/stm32cubeide_2.0.0/plugins/com.st.stm32cube.ide.mcu.externaltools.gnu-tools-for-stm32.13.3.rel1.linux64_1.0.100.202509120712/tools/bin/../lib/gcc/arm-none-eabi/13.3.1/../../../../arm-none-eabi/lib/thumb/v7e-m+fp/hard/libc_nano.a(libc_a-writer.o)
                0x080055d0                _write_r
 .text.__errno  0x080055f4        0xc /opt/st/stm32cubeide_2.0.0/plugins/com.st.stm32cube.ide.mcu.externaltools.gnu-tools-for-stm32.13.3.rel1.linux64_1.0.100.202509120712/tools/bin/../lib/gcc/arm-none-eabi/13.3.1/../../../../arm-none-eabi/lib/thumb/v7e-m+fp/hard/libc_nano.a(libc_a-errno.o)
                0x080055f4                __errno
 .text.__libc_init_array
                0x08005600       0x48 /opt/st/stm32cubeide_2.0.0/plugins/com.st.stm32cube.ide.mcu.externaltools.gnu-tools-for-stm32.13.3.rel1.linux64_1.0.100.202509120712/tools/bin/../lib/gcc/arm-none-eabi/13.3.1/../../../../arm-none-eabi/lib/thumb/v7e-m+fp/hard/libc_nano.a(libc_a-init.o)
                0x08005600                __libc_init_array
 .text.__retarget_lock_init_recursive
                0x08005648        0x2 /opt/st/stm32cubeide_2.0.0/plugins/com.st.stm32cube.ide.mcu.externaltools.gnu-tools-for-stm32.13.3.rel1.linux64_1.0.100.202509120712/tools/bin/../lib/gcc/arm-none-eabi/13.3.1/../../../../arm-none-eabi/lib/thumb/v7e-m+fp/hard/libc_nano.a(libc_a-lock.o)
                0x08005648                __retarget_lock_init_recursive
 .text.__retarget_lock_acquire_recursive
                0x0800564a        0x2 /opt/st/stm32cubeide_2.0.0/plugins/com.st.stm32cube.ide.mcu.externaltools.gnu-tools-for-stm32.13.3.rel1.linux64_1.0.100.202509120712/tools/bin/../lib/gcc/arm-none-eabi/13.3.1/../../../../arm-none-eabi/lib/thumb/v7e-m+fp/hard/libc_nano.a(libc_a-lock.o)
                0x0800564a                __retarget_lock_acquire_recursive
 .text.__retarget_lock_release_recursive
                0x0800564c        0x2 /opt/st/stm32cubeide_2.0.0/plugins/com.st.stm32cube.ide.mcu.externaltools.gnu-tools-for-stm32.13.3.rel1.linux64_1.0.100.202509120712/tools/bin/../lib/gcc/arm-none-eabi/13.3.1/../../../../arm-none-eabi/lib/thumb/v7e-m+fp/hard/libc_nano.a(libc_a-lock.o)
                0x0800564c                __retarget_lock_release_recursive
 *fill*         0x0800564e        0x2 
 .text._free_r  0x08005650       0x94 /opt/st/stm32cubeide_2.0.0/plugins/com.st.stm32cube.ide.mcu.externaltools.gnu-tools-for-stm32.13.3.rel1.linux64_1.0.100.202509120712/tools/bin/../lib/gcc/arm-none-eabi/13.3.1/../../../../arm-none-eabi/lib/thumb/v7e-m+fp/hard/libc_nano.a(libc_a-freer.o)
                0x08005650                _free_r
 .text.sbrk_aligned
                0x080056e4       0x44 /opt/st/stm32cubeide_2.0.0/plugins/com.st.stm32cube.ide.mcu.externaltools.gnu-tools-for-stm32.13.3.rel1.linux64_1.0.100.202509120712/tools/bin/../lib/gcc/arm-none-eabi/13.3.1/../../../../arm-none-eabi/lib/thumb/v7e-m+fp/hard/libc_nano.a(libc_a-mallocr.o)
 .text._malloc_r
                0x08005728      0x100 /opt/st/stm32cubeide_2.0.0/plugins/com.st.stm32cube.ide.mcu.externaltools.gnu-tools-for-stm32.13.3.rel1.linux64_1.0.100.202509120712/tools/bin/../lib/gcc/arm-none-eabi/13.3.1/../../../../arm-none-eabi/lib/thumb/v7e-m+fp/hard/libc_nano.a(libc_a-mallocr.o)
                0x08005728                _malloc_r
 .text.__malloc_lock
                0x08005828        0xc /opt/st/stm32cubeide_2.0.0/plugins/com.st.stm32cube.ide.mcu.externaltools.gnu-tools-for-stm32.13.3.rel1.linux64_1.0.100.202509120712/tools/bin/../lib/gcc/arm-none-eabi/13.3.1/../../../../arm-none-eabi/lib/thumb/v7e-m+fp/hard/libc_nano.a(libc_a-mlock.o)
                0x08005828                __malloc_lock
 .text.__malloc_unlock
                0x08005834        0xc /opt/st/stm32cubeide_2.0.0/plugins/com.st.stm32cube.ide.mcu.externaltools.gnu-tools-for-stm32.13.3.rel1.linux64_1.0.100.202509120712/tools/bin/../lib/gcc/arm-none-eabi/13.3.1/../../../../arm-none-eabi/lib/thumb/v7e-m+fp/hard/libc_nano.a(libc_a-mlock.o)
                0x08005834                __malloc_unlock
 .text.__sfputc_r
                0x08005840       0x2e /opt/st/stm32cubeide_2.0.0/plugins/com.st.stm32cube.ide.mcu.externaltools.gnu-tools-for-stm32.13.3.rel1.linux64_1.0.100.202509120712/tools/bin/../lib/gcc/arm-none-eabi/13.3.1/../../../../arm-none-eabi/lib/thumb/v7e-m+fp/hard/libc_nano.a(libc_a-nano-vfprintf.o)
 .text.__sfputs_r
                0x0800586e       0x24 /opt/st/stm32cubeide_2.0.0/plugins/com.st.stm32cube.ide.mcu.externaltools.gnu-tools-for-stm32.13.3.rel1.linux64_1.0.100.202509120712/tools/bin/../lib/gcc/arm-none-eabi/13.3.1/../../../../arm-none-eabi/lib/thumb/v7e-m+fp/hard/libc_nano.a(libc_a-nano-vfprintf.o)
                0x0800586e                __sfputs_r
 *fill*         0x08005892        0x2 
 .text._vfprintf_r
                0x08005894      0x230 /opt/st/stm32cubeide_2.0.0/plugins/com.st.stm32cube.ide.mcu.externaltools.gnu-tools-for-stm32.13.3.rel1.linux64_1.0.100.202509120712/tools/bin/../lib/gcc/arm-none-eabi/13.3.1/../../../../arm-none-eabi/lib/thumb/v7e-m+fp/hard/libc_nano.a(libc_a-nano-vfprintf.o)
                0x08005894                _vfiprintf_r
                0x08005894                _vfprintf_r
 .text._printf_common
                0x08005ac4       0xda /opt/st/stm32cubeide_2.0.0/plugins/com.st.stm32cube.ide.mcu.externaltools.gnu-tools-for-stm32.13.3.rel1.linux64_1.0.100.202509120712/tools/bin/../lib/gcc/arm-none-eabi/13.3.1/../../../../arm-none-eabi/lib/thumb/v7e-m+fp/hard/libc_nano.a(libc_a-nano-vfprintf_i.o)
                0x08005ac4                _printf_common
 *fill*         0x08005b9e        0x2 
 .text._printf_i
                0x08005ba0      0x23c /opt/st/stm32cubeide_2.0.0/plugins/com.st.stm32cube.ide.mcu.externaltools.gnu-tools-for-stm32.13.3.rel1.linux64_1.0.100.202509120712/tools/bin/../lib/gcc/arm-none-eabi/13.3.1/../../../../arm-none-eabi/lib/thumb/v7e-m+fp/hard/libc_nano.a(libc_a-nano-vfprintf_i.o)
                0x08005ba0                _printf_i
 .text.__sflush_r
                0x08005ddc      0x108 /opt/st/stm32cubeide_2.0.0/plugins/com.st.stm32cube.ide.mcu.externaltools.gnu-tools-for-stm32.13.3.rel1.linux64_1.0.100.202509120712/tools/bin/../lib/gcc/arm-none-eabi/13.3.1/../../../../arm-none-eabi/lib/thumb/v7e-m+fp/hard/libc_nano.a(libc_a-fflush.o)
                0x08005ddc                __sflush_r
 .text._fflush_r
                0x08005ee4       0x50 /opt/st/stm32cubeide_2.0.0/plugins/com.st.stm32cube.ide.mcu.externaltools.gnu-tools-for-stm32.13.3.rel1.linux64_1.0.100.202509120712/tools/bin/../lib/gcc/arm-none-eabi/13.3.1/../../../../arm-none-eabi/lib/thumb/v7e-m+fp/hard/libc_nano.a(libc_a-fflush.o)
                0x08005ee4                _fflush_r
 .text.__swhatbuf_r
                0x08005f34       0x4c /opt/st/stm32cubeide_2.0.0/plugins/com.st.stm32cube.ide.mcu.externaltools.gnu-tools-for-stm32.13.3.rel1.linux64_1.0.100.202509120712/tools/bin/../lib/gcc/arm-none-eabi/13.3.1/../../../../arm-none-eabi/lib/thumb/v7e-m+fp/hard/libc_nano.a(libc_a-makebuf.o)
                0x08005f34                __swhatbuf_r
 .text.__smakebuf_r
                0x08005f80       0x78 /opt/st/stm32cubeide_2.0.0/plugins/com.st.stm32cube.ide.mcu.externaltools.gnu-tools-for-stm32.13.3.rel1.linux64_1.0.100.202509120712/tools/bin/../lib/gcc/arm-none-eabi/13.3.1/../../../../arm-none-eabi/lib/thumb/v7e-m+fp/hard/libc_nano.a(libc_a-makebuf.o)
                0x08005f80                __smakebuf_r
 .text._fstat_r
                0x08005ff8       0x24 /opt/st/stm32cubeide_2.0.0/plugins/com.st.stm32cube.ide.mcu.externaltools.gnu-tools-for-stm32.13.3.rel1.linux64_1.0.100.202509120712/tools/bin/../lib/gcc/arm-none-eabi/13.3.1/../../../../arm-none-eabi/lib/thumb/v7e-m+fp/hard/libc_nano.a(libc_a-fstatr.o)
                0x08005ff8                _fstat_r
 .text._isatty_r
                0x0800601c       0x20 /opt/st/stm32cubeide_2.0.0/plugins/com.st.stm32cube.ide.mcu.externaltools.gnu-tools-for-stm32.13.3.rel1.linux64_1.0.100.202509120712/tools/bin/../lib/gcc/arm-none-eabi/13.3.1/../../../../arm-none-eabi/lib/thumb/v7e-m+fp/hard/libc_nano.a(libc_a-isattyr.o)
                0x0800601c                _isatty_r
 .text._sbrk_r  0x0800603c       0x20 /opt/st/stm32cubeide_2.0.0/plugins/com.st.stm32cube.ide.mcu.externaltools.gnu-tools-for-stm32.13.3.rel1.linux64_1.0.100.202509120712/tools/bin/../lib/gcc/arm-none-eabi/13.3.1/../../../../arm-none-eabi/lib/thumb/v7e-m+fp/hard/libc_nano.a(libc_a-sbrkr.o)
                0x0800603c                _sbrk_r
 *(.glue_7)
 .glue_7        0x0800605c        0x0 linker stubs
 *(.glue_7t)
 .glue_7t       0x0800605c        0x0 linker stubs
 *(.eh_frame)
 .eh_frame      0x0800605c        0x0 /opt/st/stm32cubeide_2.0.0/plugins/com.st.stm32cube.ide.mcu.externaltools.gnu-tools-for-stm32.13.3.rel1.linux64_1.0.100.202509120712/tools/bin/../lib/gcc/arm-none-eabi/13.3.1/thumb/v7e-m+fp/hard/crtbegin.o
 *(.init)
 .init          0x0800605c        0x4 /opt/st/stm32cubeide_2.0.0/plugins/com.st.stm32cube.ide.mcu.externaltools.gnu-tools-for-stm32.13.3.rel1.linux64_1.0.100.202509120712/tools/bin/../lib/gcc/arm-none-eabi/13.3.1/thumb/v7e-m+fp/hard/crti.o
                0x0800605c                _init
 .init          0x08006060        0x8 /opt/st/stm32cubeide_2.0.0/plugins/com.st.stm32cube.ide.mcu.externaltools.gnu-tools-for-stm32.13.3.rel1.linux64_1.0.100.202509120712/tools/bin/../lib/gcc/arm-none-eabi/13.3.1/thumb/v7e-m+fp/hard/crtn.o
 *(.fini)
 .fini          0x08006068        0x4 /opt/st/stm32cubeide_2.0.0/plugins/com.st.stm32cube.ide.mcu.externaltools.gnu-tools-for-stm32.13.3.rel1.linux64_1.0.100.202509120712/tools/bin/../lib/gcc/arm-none-eabi/13.3.1/thumb/v7e-m+fp/hard/crti.o
                0x08006068                _fini
 .fini          0x0800606c        0x8 /opt/st/stm32cubeide_2.0.0/plugins/com.st.stm32cube.ide.mcu.externaltools.gnu-tools-for-stm32.13.3.rel1.linux64_1.0.100.202509120712/tools/bin/../lib/gcc/arm-none-eabi/13.3.1/thumb/v7e-m+fp/hard/crtn.o
                0x08006074                        . = ALIGN (0x4)
                0x08006074                        _etext = .

.vfp11_veneer   0x08006074        0x0
 .vfp11_veneer  0x08006074        0x0 linker stubs

.v4_bx          0x08006074        0x0
 .v4_bx         0x08006074        0x0 linker stubs

.iplt           0x08006074        0x0
 .iplt          0x08006074        0x0 /opt/st/stm32cubeide_2.0.0/plugins/com.st.stm32cube.ide.mcu.externaltools.gnu-tools-for-stm32.13.3.rel1.linux64_1.0.100.202509120712/tools/bin/../lib/gcc/arm-none-eabi/13.3.1/thumb/v7e-m+fp/hard/crtbegin.o

.rodata         0x08006074      0x17c
                0x08006074                        . = ALIGN (0x4)
 *(.rodata)
 .rodata        0x08006074       0xf8 ./Core/Src/main.o
 *(.rodata*)
 .rodata.segmentData
                0x0800616c        0xa ./Core/Src/segment.o
 *fill*         0x08006176        0x2 
 .rodata.HALF_STEP_SEQ
                0x08006178       0x20 ./Core/Src/stepper_t.o
 .rodata.speedTable
                0x08006198        0xc ./Core/Src/stepper_t.o
 .rodata.AHBPrescTable
                0x080061a4       0x10 ./Core/Src/system_stm32f4xx.o
                0x080061a4                AHBPrescTable
 .rodata.APBPrescTable
                0x080061b4        0x8 ./Core/Src/system_stm32f4xx.o
                0x080061b4                APBPrescTable
 .rodata._vfprintf_r.str1.1
                0x080061bc       0x33 /opt/st/stm32cubeide_2.0.0/plugins/com.st.stm32cube.ide.mcu.externaltools.gnu-tools-for-stm32.13.3.rel1.linux64_1.0.100.202509120712/tools/bin/../lib/gcc/arm-none-eabi/13.3.1/../../../../arm-none-eabi/lib/thumb/v7e-m+fp/hard/libc_nano.a(libc_a-nano-vfprintf.o)
                                 0x11 (size before relaxing)
 .rodata._printf_i.str1.1
                0x080061ef        0x0 /opt/st/stm32cubeide_2.0.0/plugins/com.st.stm32cube.ide.mcu.externaltools.gnu-tools-for-stm32.13.3.rel1.linux64_1.0.100.202509120712/tools/bin/../lib/gcc/arm-none-eabi/13.3.1/../../../../arm-none-eabi/lib/thumb/v7e-m+fp/hard/libc_nano.a(libc_a-nano-vfprintf_i.o)
                                 0x22 (size before relaxing)
                0x080061f0                        . = ALIGN (0x4)
 *fill*         0x080061ef        0x1 

.ARM.extab      0x080061f0        0x0
                0x080061f0                        . = ALIGN (0x4)
 *(.ARM.extab* .gnu.linkonce.armextab.*)
                0x080061f0                        . = ALIGN (0x4)

.ARM            0x080061f0        0x8
                0x080061f0                        . = ALIGN (0x4)
                0x080061f0                        __exidx_start = .
 *(.ARM.exidx*)
 .ARM.exidx     0x080061f0        0x8 /opt/st/stm32cubeide_2.0.0/plugins/com.st.stm32cube.ide.mcu.externaltools.gnu-tools-for-stm32.13.3.rel1.linux64_1.0.100.202509120712/tools/bin/../lib/gcc/arm-none-eabi/13.3.1/../../../../arm-none-eabi/lib/thumb/v7e-m+fp/hard/libc_nano.a(libc_a-memchr.o)
 .ARM.exidx     0x080061f8        0x0 /opt/st/stm32cubeide_2.0.0/plugins/com.st.stm32cube.ide.mcu.externaltools.gnu-tools-for-stm32.13.3.rel1.linux64_1.0.100.202509120712/tools/bin/../lib/gcc/arm-none-eabi/13.3.1/thumb/v7e-m+fp/hard/libgcc.a(_udivmoddi4.o)
                                  0x8 (size before relaxing)
                0x080061f8                        __exidx_end = .
                0x080061f8                        . = ALIGN (0x4)

.preinit_array  0x080061f8        0x0
                0x080061f8                        . = ALIGN (0x4)
                0x080061f8                        PROVIDE (__preinit_array_start = .)
 *(.preinit_array*)
                0x080061f8                        PROVIDE (__preinit_array_end = .)
                0x080061f8                        . = ALIGN (0x4)

.init_array     0x080061f8        0x4
                0x080061f8                        . = ALIGN (0x4)
                0x080061f8                        PROVIDE (__init_array_start = .)
 *(SORT_BY_NAME(.init_array.*))
 *(.init_array*)
 .init_array    0x080061f8        0x4 /opt/st/stm32cubeide_2.0.0/plugins/com.st.stm32cube.ide.mcu.externaltools.gnu-tools-for-stm32.13.3.rel1.linux64_1.0.100.202509120712/tools/bin/../lib/gcc/arm-none-eabi/13.3.1/thumb/v7e-m+fp/hard/crtbegin.o
                0x080061fc                        PROVIDE (__init_array_end = .)
                0x080061fc                        . = ALIGN (0x4)

.fini_array     0x080061fc        0x4
                0x080061fc                        . = ALIGN (0x4)
                [!provide]                        PROVIDE (__fini_array_start = .)
 *(SORT_BY_NAME(.fini_array.*))
 *(.fini_array*)
 .fini_array    0x080061fc        0x4 /opt/st/stm32cubeide_2.0.0/plugins/com.st.stm32cube.ide.mcu.externaltools.gnu-tools-for-stm32.13.3.rel1.linux64_1.0.100.202509120712/tools/bin/../lib/gcc/arm-none-eabi/13.3.1/thumb/v7e-m+fp/hard/crtbegin.o
                [!provide]                        PROVIDE (__fini_array_end = .)
                0x08006200                        . = ALIGN (0x4)
                0x08006200                        _sidata = LOADADDR (.data)

.rel.dyn        0x08006200        0x0
 .rel.iplt      0x08006200        0x0 /opt/st/stm32cubeide_2.0.0/plugins/com.st.stm32cube.ide.mcu.externaltools.gnu-tools-for-stm32.13.3.rel1.linux64_1.0.100.202509120712/tools/bin/../lib/gcc/arm-none-eabi/13.3.1/thumb/v7e-m+fp/hard/crtbegin.o

.data           0x20000000      0x1cc load address 0x08006200
                0x20000000                        . = ALIGN (0x4)
                0x20000000                        _sdata = .
 *(.data)
 *(.data*)
 .data.BTN_data
                0x20000000       0xc0 ./Core/Src/elevator.o
                0x20000000                BTN_data
 .data.LED_data
                0x200000c0       0x40 ./Core/Src/elevator.o
                0x200000c0                LED_data
 .data.photo_data
                0x20000100       0x20 ./Core/Src/elevator.o
                0x20000100                photo_data
 .data.rightshiftIndex
                0x20000120        0x1 ./Core/Src/led.o
 *fill*         0x20000121        0x3 
 .data.led      0x20000124       0x40 ./Core/Src/led.o
                0x20000124                led
 .data.SystemCoreClock
                0x20000164        0x4 ./Core/Src/system_stm32f4xx.o
                0x20000164                SystemCoreClock
 .data.uwTickPrio
                0x20000168        0x4 ./Drivers/STM32F4xx_HAL_Driver/Src/stm32f4xx_hal.o
                0x20000168                uwTickPrio
 .data.uwTickFreq
                0x2000016c        0x1 ./Drivers/STM32F4xx_HAL_Driver/Src/stm32f4xx_hal.o
                0x2000016c                uwTickFreq
 *fill*         0x2000016d        0x3 
 .data.__sglue  0x20000170        0xc /opt/st/stm32cubeide_2.0.0/plugins/com.st.stm32cube.ide.mcu.externaltools.gnu-tools-for-stm32.13.3.rel1.linux64_1.0.100.202509120712/tools/bin/../lib/gcc/arm-none-eabi/13.3.1/../../../../arm-none-eabi/lib/thumb/v7e-m+fp/hard/libc_nano.a(libc_a-findfp.o)
                0x20000170                __sglue
 .data._impure_ptr
                0x2000017c        0x4 /opt/st/stm32cubeide_2.0.0/plugins/com.st.stm32cube.ide.mcu.externaltools.gnu-tools-for-stm32.13.3.rel1.linux64_1.0.100.202509120712/tools/bin/../lib/gcc/arm-none-eabi/13.3.1/../../../../arm-none-eabi/lib/thumb/v7e-m+fp/hard/libc_nano.a(libc_a-impure.o)
                0x2000017c                _impure_ptr
 .data._impure_data
                0x20000180       0x4c /opt/st/stm32cubeide_2.0.0/plugins/com.st.stm32cube.ide.mcu.externaltools.gnu-tools-for-stm32.13.3.rel1.linux64_1.0.100.202509120712/tools/bin/../lib/gcc/arm-none-eabi/13.3.1/../../../../arm-none-eabi/lib/thumb/v7e-m+fp/hard/libc_nano.a(libc_a-impure.o)
                0x20000180                _impure_data
 *(.RamFunc)
 *(.RamFunc*)
                0x200001cc                        . = ALIGN (0x4)
                0x200001cc                        _edata = .

.igot.plt       0x200001cc        0x0 load address 0x080063cc
 .igot.plt      0x200001cc        0x0 /opt/st/stm32cubeide_2.0.0/plugins/com.st.stm32cube.ide.mcu.externaltools.gnu-tools-for-stm32.13.3.rel1.linux64_1.0.100.202509120712/tools/bin/../lib/gcc/arm-none-eabi/13.3.1/thumb/v7e-m+fp/hard/crtbegin.o
                0x200001cc                        . = ALIGN (0x4)

.bss            0x200001cc      0x2c8 load address 0x080063cc
                0x200001cc                        _sbss = .
                0x200001cc                        __bss_start__ = _sbss
 *(.bss)
 .bss           0x200001cc       0x1c /opt/st/stm32cubeide_2.0.0/plugins/com.st.stm32cube.ide.mcu.externaltools.gnu-tools-for-stm32.13.3.rel1.linux64_1.0.100.202509120712/tools/bin/../lib/gcc/arm-none-eabi/13.3.1/thumb/v7e-m+fp/hard/crtbegin.o
 *(.bss*)
 .bss.ele       0x200001e8        0xa ./Core/Src/elevator.o
                0x200001e8                ele
 *fill*         0x200001f2        0x2 
 .bss.fl        0x200001f4        0x8 ./Core/Src/elevator.o
                0x200001f4                fl
 .bss.f_flag.3  0x200001fc        0x1 ./Core/Src/elevator.o
 .bss.a_flag.2  0x200001fd        0x1 ./Core/Src/elevator.o
 .bss.flag.1    0x200001fe        0x1 ./Core/Src/elevator.o
 *fill*         0x200001ff        0x1 
 .bss.prevTime.0
                0x20000200        0x4 ./Core/Src/elevator.o
 .bss.shiftRun  0x20000204        0x1 ./Core/Src/led.o
 *fill*         0x20000205        0x3 
 .bss.shiftTick
                0x20000208        0x4 ./Core/Src/led.o
 .bss.leftshiftIndex
                0x2000020c        0x1 ./Core/Src/led.o
 *fill*         0x2000020d        0x3 
 .bss.stepper   0x20000210        0xc ./Core/Src/main.o
                0x20000210                stepper
 .bss.lastLogTime.0
                0x2000021c        0x4 ./Core/Src/main.o
 .bss.__sbrk_heap_end
                0x20000220        0x4 ./Core/Src/sysmem.o
 .bss.htim3     0x20000224       0x48 ./Core/Src/tim.o
                0x20000224                htim3
 .bss.htim10    0x2000026c       0x48 ./Core/Src/tim.o
                0x2000026c                htim10
 .bss.htim11    0x200002b4       0x48 ./Core/Src/tim.o
                0x200002b4                htim11
 .bss.huart2    0x200002fc       0x48 ./Core/Src/usart.o
                0x200002fc                huart2
 .bss.uwTick    0x20000344        0x4 ./Drivers/STM32F4xx_HAL_Driver/Src/stm32f4xx_hal.o
                0x20000344                uwTick
 .bss.__sf      0x20000348      0x138 /opt/st/stm32cubeide_2.0.0/plugins/com.st.stm32cube.ide.mcu.externaltools.gnu-tools-for-stm32.13.3.rel1.linux64_1.0.100.202509120712/tools/bin/../lib/gcc/arm-none-eabi/13.3.1/../../../../arm-none-eabi/lib/thumb/v7e-m+fp/hard/libc_nano.a(libc_a-findfp.o)
                0x20000348                __sf
 .bss.__stdio_exit_handler
                0x20000480        0x4 /opt/st/stm32cubeide_2.0.0/plugins/com.st.stm32cube.ide.mcu.externaltools.gnu-tools-for-stm32.13.3.rel1.linux64_1.0.100.202509120712/tools/bin/../lib/gcc/arm-none-eabi/13.3.1/../../../../arm-none-eabi/lib/thumb/v7e-m+fp/hard/libc_nano.a(libc_a-findfp.o)
                0x20000480                __stdio_exit_handler
 .bss.errno     0x20000484        0x4 /opt/st/stm32cubeide_2.0.0/plugins/com.st.stm32cube.ide.mcu.externaltools.gnu-tools-for-stm32.13.3.rel1.linux64_1.0.100.202509120712/tools/bin/../lib/gcc/arm-none-eabi/13.3.1/../../../../arm-none-eabi/lib/thumb/v7e-m+fp/hard/libc_nano.a(libc_a-reent.o)
                0x20000484                errno
 .bss.__lock___malloc_recursive_mutex
                0x20000488        0x1 /opt/st/stm32cubeide_2.0.0/plugins/com.st.stm32cube.ide.mcu.externaltools.gnu-tools-for-stm32.13.3.rel1.linux64_1.0.100.202509120712/tools/bin/../lib/gcc/arm-none-eabi/13.3.1/../../../../arm-none-eabi/lib/thumb/v7e-m+fp/hard/libc_nano.a(libc_a-lock.o)
                0x20000488                __lock___malloc_recursive_mutex
 .bss.__lock___sfp_recursive_mutex
                0x20000489        0x1 /opt/st/stm32cubeide_2.0.0/plugins/com.st.stm32cube.ide.mcu.externaltools.gnu-tools-for-stm32.13.3.rel1.linux64_1.0.100.202509120712/tools/bin/../lib/gcc/arm-none-eabi/13.3.1/../../../../arm-none-eabi/lib/thumb/v7e-m+fp/hard/libc_nano.a(libc_a-lock.o)
                0x20000489                __lock___sfp_recursive_mutex
 *fill*         0x2000048a        0x2 
 .bss.__malloc_sbrk_start
                0x2000048c        0x4 /opt/st/stm32cubeide_2.0.0/plugins/com.st.stm32cube.ide.mcu.externaltools.gnu-tools-for-stm32.13.3.rel1.linux64_1.0.100.202509120712/tools/bin/../lib/gcc/arm-none-eabi/13.3.1/../../../../arm-none-eabi/lib/thumb/v7e-m+fp/hard/libc_nano.a(libc_a-mallocr.o)
                0x2000048c                __malloc_sbrk_start
 .bss.__malloc_free_list
                0x20000490        0x4 /opt/st/stm32cubeide_2.0.0/plugins/com.st.stm32cube.ide.mcu.externaltools.gnu-tools-for-stm32.13.3.rel1.linux64_1.0.100.202509120712/tools/bin/../lib/gcc/arm-none-eabi/13.3.1/../../../../arm-none-eabi/lib/thumb/v7e-m+fp/hard/libc_nano.a(libc_a-mallocr.o)
                0x20000490                __malloc_free_list
 *(COMMON)
                0x20000494                        . = ALIGN (0x4)
                0x20000494                        _ebss = .
                0x20000494                        __bss_end__ = _ebss

._user_heap_stack
                0x20000494      0x604 load address 0x080063cc
                0x20000498                        . = ALIGN (0x8)
 *fill*         0x20000494        0x4 
                [!provide]                        PROVIDE (end = .)
                0x20000498                        PROVIDE (_end = .)
                0x20000698                        . = (. + _Min_Heap_Size)
 *fill*         0x20000498      0x200 
                0x20000a98                        . = (. + _Min_Stack_Size)
 *fill*         0x20000698      0x400 
                0x20000a98                        . = ALIGN (0x8)

/DISCARD/
 libc.a(*)
 libm.a(*)
 libgcc.a(*)

.ARM.attributes
                0x00000000       0x30
 *(.ARM.attributes)
 .ARM.attributes
                0x00000000       0x22 /opt/st/stm32cubeide_2.0.0/plugins/com.st.stm32cube.ide.mcu.externaltools.gnu-tools-for-stm32.13.3.rel1.linux64_1.0.100.202509120712/tools/bin/../lib/gcc/arm-none-eabi/13.3.1/thumb/v7e-m+fp/hard/crti.o
 .ARM.attributes
                0x00000022       0x34 /opt/st/stm32cubeide_2.0.0/plugins/com.st.stm32cube.ide.mcu.externaltools.gnu-tools-for-stm32.13.3.rel1.linux64_1.0.100.202509120712/tools/bin/../lib/gcc/arm-none-eabi/13.3.1/thumb/v7e-m+fp/hard/crtbegin.o
 .ARM.attributes
                0x00000056       0x34 ./Core/Src/elevator.o
 .ARM.attributes
                0x0000008a       0x34 ./Core/Src/gpio.o
 .ARM.attributes
                0x000000be       0x34 ./Core/Src/led.o
 .ARM.attributes
                0x000000f2       0x34 ./Core/Src/main.o
 .ARM.attributes
                0x00000126       0x34 ./Core/Src/segment.o
 .ARM.attributes
                0x0000015a       0x34 ./Core/Src/stepper_t.o
 .ARM.attributes
                0x0000018e       0x34 ./Core/Src/stm32f4xx_hal_msp.o
 .ARM.attributes
                0x000001c2       0x34 ./Core/Src/stm32f4xx_it.o
 .ARM.attributes
                0x000001f6       0x34 ./Core/Src/syscalls.o
 .ARM.attributes
                0x0000022a       0x34 ./Core/Src/sysmem.o
 .ARM.attributes
                0x0000025e       0x34 ./Core/Src/system_stm32f4xx.o
 .ARM.attributes
                0x00000292       0x34 ./Core/Src/tim.o
 .ARM.attributes
                0x000002c6       0x34 ./Core/Src/usart.o
 .ARM.attributes
                0x000002fa       0x21 ./Core/Startup/startup_stm32f411retx.o
 .ARM.attributes
                0x0000031b       0x34 ./Drivers/STM32F4xx_HAL_Driver/Src/stm32f4xx_hal.o
 .ARM.attributes
                0x0000034f       0x34 ./Drivers/STM32F4xx_HAL_Driver/Src/stm32f4xx_hal_cortex.o
 .ARM.attributes
                0x00000383       0x34 ./Drivers/STM32F4xx_HAL_Driver/Src/stm32f4xx_hal_dma.o
 .ARM.attributes
                0x000003b7       0x34 ./Drivers/STM32F4xx_HAL_Driver/Src/stm32f4xx_hal_gpio.o
 .ARM.attributes
                0x000003eb       0x34 ./Drivers/STM32F4xx_HAL_Driver/Src/stm32f4xx_hal_rcc.o
 .ARM.attributes
                0x0000041f       0x34 ./Drivers/STM32F4xx_HAL_Driver/Src/stm32f4xx_hal_tim.o
 .ARM.attributes
                0x00000453       0x34 ./Drivers/STM32F4xx_HAL_Driver/Src/stm32f4xx_hal_tim_ex.o
 .ARM.attributes
                0x00000487       0x34 ./Drivers/STM32F4xx_HAL_Driver/Src/stm32f4xx_hal_uart.o
 .ARM.attributes
                0x000004bb       0x34 /opt/st/stm32cubeide_2.0.0/plugins/com.st.stm32cube.ide.mcu.externaltools.gnu-tools-for-stm32.13.3.rel1.linux64_1.0.100.202509120712/tools/bin/../lib/gcc/arm-none-eabi/13.3.1/../../../../arm-none-eabi/lib/thumb/v7e-m+fp/hard/libc_nano.a(libc_a-findfp.o)
 .ARM.attributes
                0x000004ef       0x34 /opt/st/stm32cubeide_2.0.0/plugins/com.st.stm32cube.ide.mcu.externaltools.gnu-tools-for-stm32.13.3.rel1.linux64_1.0.100.202509120712/tools/bin/../lib/gcc/arm-none-eabi/13.3.1/../../../../arm-none-eabi/lib/thumb/v7e-m+fp/hard/libc_nano.a(libc_a-fwalk.o)
 .ARM.attributes
                0x00000523       0x34 /opt/st/stm32cubeide_2.0.0/plugins/com.st.stm32cube.ide.mcu.externaltools.gnu-tools-for-stm32.13.3.rel1.linux64_1.0.100.202509120712/tools/bin/../lib/gcc/arm-none-eabi/13.3.1/../../../../arm-none-eabi/lib/thumb/v7e-m+fp/hard/libc_nano.a(libc_a-printf.o)
 .ARM.attributes
                0x00000557       0x34 /opt/st/stm32cubeide_2.0.0/plugins/com.st.stm32cube.ide.mcu.externaltools.gnu-tools-for-stm32.13.3.rel1.linux64_1.0.100.202509120712/tools/bin/../lib/gcc/arm-none-eabi/13.3.1/../../../../arm-none-eabi/lib/thumb/v7e-m+fp/hard/libc_nano.a(libc_a-puts.o)
 .ARM.attributes
                0x0000058b       0x34 /opt/st/stm32cubeide_2.0.0/plugins/com.st.stm32cube.ide.mcu.externaltools.gnu-tools-for-stm32.13.3.rel1.linux64_1.0.100.202509120712/tools/bin/../lib/gcc/arm-none-eabi/13.3.1/../../../../arm-none-eabi/lib/thumb/v7e-m+fp/hard/libc_nano.a(libc_a-stdio.o)
 .ARM.attributes
                0x000005bf       0x34 /opt/st/stm32cubeide_2.0.0/plugins/com.st.stm32cube.ide.mcu.externaltools.gnu-tools-for-stm32.13.3.rel1.linux64_1.0.100.202509120712/tools/bin/../lib/gcc/arm-none-eabi/13.3.1/../../../../arm-none-eabi/lib/thumb/v7e-m+fp/hard/libc_nano.a(libc_a-wbuf.o)
 .ARM.attributes
                0x000005f3       0x34 /opt/st/stm32cubeide_2.0.0/plugins/com.st.stm32cube.ide.mcu.externaltools.gnu-tools-for-stm32.13.3.rel1.linux64_1.0.100.202509120712/tools/bin/../lib/gcc/arm-none-eabi/13.3.1/../../../../arm-none-eabi/lib/thumb/v7e-m+fp/hard/libc_nano.a(libc_a-wsetup.o)
 .ARM.attributes
                0x00000627       0x34 /opt/st/stm32cubeide_2.0.0/plugins/com.st.stm32cube.ide.mcu.externaltools.gnu-tools-for-stm32.13.3.rel1.linux64_1.0.100.202509120712/tools/bin/../lib/gcc/arm-none-eabi/13.3.1/../../../../arm-none-eabi/lib/thumb/v7e-m+fp/hard/libc_nano.a(libc_a-memset.o)
 .ARM.attributes
                0x0000065b       0x34 /opt/st/stm32cubeide_2.0.0/plugins/com.st.stm32cube.ide.mcu.externaltools.gnu-tools-for-stm32.13.3.rel1.linux64_1.0.100.202509120712/tools/bin/../lib/gcc/arm-none-eabi/13.3.1/../../../../arm-none-eabi/lib/thumb/v7e-m+fp/hard/libc_nano.a(libc_a-closer.o)
 .ARM.attributes
                0x0000068f       0x34 /opt/st/stm32cubeide_2.0.0/plugins/com.st.stm32cube.ide.mcu.externaltools.gnu-tools-for-stm32.13.3.rel1.linux64_1.0.100.202509120712/tools/bin/../lib/gcc/arm-none-eabi/13.3.1/../../../../arm-none-eabi/lib/thumb/v7e-m+fp/hard/libc_nano.a(libc_a-reent.o)
 .ARM.attributes
                0x000006c3       0x34 /opt/st/stm32cubeide_2.0.0/plugins/com.st.stm32cube.ide.mcu.externaltools.gnu-tools-for-stm32.13.3.rel1.linux64_1.0.100.202509120712/tools/bin/../lib/gcc/arm-none-eabi/13.3.1/../../../../arm-none-eabi/lib/thumb/v7e-m+fp/hard/libc_nano.a(libc_a-impure.o)
 .ARM.attributes
                0x000006f7       0x34 /opt/st/stm32cubeide_2.0.0/plugins/com.st.stm32cube.ide.mcu.externaltools.gnu-tools-for-stm32.13.3.rel1.linux64_1.0.100.202509120712/tools/bin/../lib/gcc/arm-none-eabi/13.3.1/../../../../arm-none-eabi/lib/thumb/v7e-m+fp/hard/libc_nano.a(libc_a-lseekr.o)
 .ARM.attributes
                0x0000072b       0x34 /opt/st/stm32cubeide_2.0.0/plugins/com.st.stm32cube.ide.mcu.externaltools.gnu-tools-for-stm32.13.3.rel1.linux64_1.0.100.202509120712/tools/bin/../lib/gcc/arm-none-eabi/13.3.1/../../../../arm-none-eabi/lib/thumb/v7e-m+fp/hard/libc_nano.a(libc_a-readr.o)
 .ARM.attributes
                0x0000075f       0x34 /opt/st/stm32cubeide_2.0.0/plugins/com.st.stm32cube.ide.mcu.externaltools.gnu-tools-for-stm32.13.3.rel1.linux64_1.0.100.202509120712/tools/bin/../lib/gcc/arm-none-eabi/13.3.1/../../../../arm-none-eabi/lib/thumb/v7e-m+fp/hard/libc_nano.a(libc_a-writer.o)
 .ARM.attributes
                0x00000793       0x34 /opt/st/stm32cubeide_2.0.0/plugins/com.st.stm32cube.ide.mcu.externaltools.gnu-tools-for-stm32.13.3.rel1.linux64_1.0.100.202509120712/tools/bin/../lib/gcc/arm-none-eabi/13.3.1/../../../../arm-none-eabi/lib/thumb/v7e-m+fp/hard/libc_nano.a(libc_a-errno.o)
 .ARM.attributes
                0x000007c7       0x34 /opt/st/stm32cubeide_2.0.0/plugins/com.st.stm32cube.ide.mcu.externaltools.gnu-tools-for-stm32.13.3.rel1.linux64_1.0.100.202509120712/tools/bin/../lib/gcc/arm-none-eabi/13.3.1/../../../../arm-none-eabi/lib/thumb/v7e-m+fp/hard/libc_nano.a(libc_a-init.o)
 .ARM.attributes
                0x000007fb       0x34 /opt/st/stm32cubeide_2.0.0/plugins/com.st.stm32cube.ide.mcu.externaltools.gnu-tools-for-stm32.13.3.rel1.linux64_1.0.100.202509120712/tools/bin/../lib/gcc/arm-none-eabi/13.3.1/../../../../arm-none-eabi/lib/thumb/v7e-m+fp/hard/libc_nano.a(libc_a-lock.o)
 .ARM.attributes
                0x0000082f       0x34 /opt/st/stm32cubeide_2.0.0/plugins/com.st.stm32cube.ide.mcu.externaltools.gnu-tools-for-stm32.13.3.rel1.linux64_1.0.100.202509120712/tools/bin/../lib/gcc/arm-none-eabi/13.3.1/../../../../arm-none-eabi/lib/thumb/v7e-m+fp/hard/libc_nano.a(libc_a-freer.o)
 .ARM.attributes
                0x00000863       0x34 /opt/st/stm32cubeide_2.0.0/plugins/com.st.stm32cube.ide.mcu.externaltools.gnu-tools-for-stm32.13.3.rel1.linux64_1.0.100.202509120712/tools/bin/../lib/gcc/arm-none-eabi/13.3.1/../../../../arm-none-eabi/lib/thumb/v7e-m+fp/hard/libc_nano.a(libc_a-mallocr.o)
 .ARM.attributes
                0x00000897       0x34 /opt/st/stm32cubeide_2.0.0/plugins/com.st.stm32cube.ide.mcu.externaltools.gnu-tools-for-stm32.13.3.rel1.linux64_1.0.100.202509120712/tools/bin/../lib/gcc/arm-none-eabi/13.3.1/../../../../arm-none-eabi/lib/thumb/v7e-m+fp/hard/libc_nano.a(libc_a-mlock.o)
 .ARM.attributes
                0x000008cb       0x34 /opt/st/stm32cubeide_2.0.0/plugins/com.st.stm32cube.ide.mcu.externaltools.gnu-tools-for-stm32.13.3.rel1.linux64_1.0.100.202509120712/tools/bin/../lib/gcc/arm-none-eabi/13.3.1/../../../../arm-none-eabi/lib/thumb/v7e-m+fp/hard/libc_nano.a(libc_a-nano-vfprintf.o)
 .ARM.attributes
                0x000008ff       0x34 /opt/st/stm32cubeide_2.0.0/plugins/com.st.stm32cube.ide.mcu.externaltools.gnu-tools-for-stm32.13.3.rel1.linux64_1.0.100.202509120712/tools/bin/../lib/gcc/arm-none-eabi/13.3.1/../../../../arm-none-eabi/lib/thumb/v7e-m+fp/hard/libc_nano.a(libc_a-nano-vfprintf_i.o)
 .ARM.attributes
                0x00000933       0x34 /opt/st/stm32cubeide_2.0.0/plugins/com.st.stm32cube.ide.mcu.externaltools.gnu-tools-for-stm32.13.3.rel1.linux64_1.0.100.202509120712/tools/bin/../lib/gcc/arm-none-eabi/13.3.1/../../../../arm-none-eabi/lib/thumb/v7e-m+fp/hard/libc_nano.a(libc_a-fflush.o)
 .ARM.attributes
                0x00000967       0x34 /opt/st/stm32cubeide_2.0.0/plugins/com.st.stm32cube.ide.mcu.externaltools.gnu-tools-for-stm32.13.3.rel1.linux64_1.0.100.202509120712/tools/bin/../lib/gcc/arm-none-eabi/13.3.1/../../../../arm-none-eabi/lib/thumb/v7e-m+fp/hard/libc_nano.a(libc_a-makebuf.o)
 .ARM.attributes
                0x0000099b       0x34 /opt/st/stm32cubeide_2.0.0/plugins/com.st.stm32cube.ide.mcu.externaltools.gnu-tools-for-stm32.13.3.rel1.linux64_1.0.100.202509120712/tools/bin/../lib/gcc/arm-none-eabi/13.3.1/../../../../arm-none-eabi/lib/thumb/v7e-m+fp/hard/libc_nano.a(libc_a-fstatr.o)
 .ARM.attributes
                0x000009cf       0x34 /opt/st/stm32cubeide_2.0.0/plugins/com.st.stm32cube.ide.mcu.externaltools.gnu-tools-for-stm32.13.3.rel1.linux64_1.0.100.202509120712/tools/bin/../lib/gcc/arm-none-eabi/13.3.1/../../../../arm-none-eabi/lib/thumb/v7e-m+fp/hard/libc_nano.a(libc_a-isattyr.o)
 .ARM.attributes
                0x00000a03       0x34 /opt/st/stm32cubeide_2.0.0/plugins/com.st.stm32cube.ide.mcu.externaltools.gnu-tools-for-stm32.13.3.rel1.linux64_1.0.100.202509120712/tools/bin/../lib/gcc/arm-none-eabi/13.3.1/../../../../arm-none-eabi/lib/thumb/v7e-m+fp/hard/libc_nano.a(libc_a-sbrkr.o)
 .ARM.attributes
                0x00000a37       0x1c /opt/st/stm32cubeide_2.0.0/plugins/com.st.stm32cube.ide.mcu.externaltools.gnu-tools-for-stm32.13.3.rel1.linux64_1.0.100.202509120712/tools/bin/../lib/gcc/arm-none-eabi/13.3.1/../../../../arm-none-eabi/lib/thumb/v7e-m+fp/hard/libc_nano.a(libc_a-memchr.o)
 .ARM.attributes
                0x00000a53       0x22 /opt/st/stm32cubeide_2.0.0/plugins/com.st.stm32cube.ide.mcu.externaltools.gnu-tools-for-stm32.13.3.rel1.linux64_1.0.100.202509120712/tools/bin/../lib/gcc/arm-none-eabi/13.3.1/thumb/v7e-m+fp/hard/libgcc.a(_aeabi_uldivmod.o)
 .ARM.attributes
                0x00000a75       0x34 /opt/st/stm32cubeide_2.0.0/plugins/com.st.stm32cube.ide.mcu.externaltools.gnu-tools-for-stm32.13.3.rel1.linux64_1.0.100.202509120712/tools/bin/../lib/gcc/arm-none-eabi/13.3.1/thumb/v7e-m+fp/hard/libgcc.a(_udivmoddi4.o)
 .ARM.attributes
                0x00000aa9       0x22 /opt/st/stm32cubeide_2.0.0/plugins/com.st.stm32cube.ide.mcu.externaltools.gnu-tools-for-stm32.13.3.rel1.linux64_1.0.100.202509120712/tools/bin/../lib/gcc/arm-none-eabi/13.3.1/thumb/v7e-m+fp/hard/libgcc.a(_dvmd_tls.o)
 .ARM.attributes
                0x00000acb       0x22 /opt/st/stm32cubeide_2.0.0/plugins/com.st.stm32cube.ide.mcu.externaltools.gnu-tools-for-stm32.13.3.rel1.linux64_1.0.100.202509120712/tools/bin/../lib/gcc/arm-none-eabi/13.3.1/thumb/v7e-m+fp/hard/crtn.o
OUTPUT(ELEVATOR_04.elf elf32-littlearm)
LOAD linker stubs
LOAD /opt/st/stm32cubeide_2.0.0/plugins/com.st.stm32cube.ide.mcu.externaltools.gnu-tools-for-stm32.13.3.rel1.linux64_1.0.100.202509120712/tools/bin/../lib/gcc/arm-none-eabi/13.3.1/../../../../arm-none-eabi/lib/thumb/v7e-m+fp/hard/libc.a
LOAD /opt/st/stm32cubeide_2.0.0/plugins/com.st.stm32cube.ide.mcu.externaltools.gnu-tools-for-stm32.13.3.rel1.linux64_1.0.100.202509120712/tools/bin/../lib/gcc/arm-none-eabi/13.3.1/../../../../arm-none-eabi/lib/thumb/v7e-m+fp/hard/libm.a
LOAD /opt/st/stm32cubeide_2.0.0/plugins/com.st.stm32cube.ide.mcu.externaltools.gnu-tools-for-stm32.13.3.rel1.linux64_1.0.100.202509120712/tools/bin/../lib/gcc/arm-none-eabi/13.3.1/thumb/v7e-m+fp/hard/libgcc.a

.debug_info     0x00000000    0x105fd
 .debug_info    0x00000000      0xf5e ./Core/Src/elevator.o
 .debug_info    0x00000f5e      0x44f ./Core/Src/gpio.o
 .debug_info    0x000013ad      0x420 ./Core/Src/led.o
 .debug_info    0x000017cd     0x12d2 ./Core/Src/main.o
 .debug_info    0x00002a9f      0x202 ./Core/Src/segment.o
 .debug_info    0x00002ca1      0x9e6 ./Core/Src/stepper_t.o
 .debug_info    0x00003687      0x291 ./Core/Src/stm32f4xx_hal_msp.o
 .debug_info    0x00003918      0x99f ./Core/Src/stm32f4xx_it.o
 .debug_info    0x000042b7      0x6a3 ./Core/Src/syscalls.o
 .debug_info    0x0000495a      0x168 ./Core/Src/sysmem.o
 .debug_info    0x00004ac2      0x53e ./Core/Src/system_stm32f4xx.o
 .debug_info    0x00005000      0xe3c ./Core/Src/tim.o
 .debug_info    0x00005e3c      0xb2e ./Core/Src/usart.o
 .debug_info    0x0000696a       0x30 ./Core/Startup/startup_stm32f411retx.o
 .debug_info    0x0000699a      0x8c4 ./Drivers/STM32F4xx_HAL_Driver/Src/stm32f4xx_hal.o
 .debug_info    0x0000725e      0xcfc ./Drivers/STM32F4xx_HAL_Driver/Src/stm32f4xx_hal_cortex.o
 .debug_info    0x00007f5a      0x8e6 ./Drivers/STM32F4xx_HAL_Driver/Src/stm32f4xx_hal_dma.o
 .debug_info    0x00008840      0x6f9 ./Drivers/STM32F4xx_HAL_Driver/Src/stm32f4xx_hal_gpio.o
 .debug_info    0x00008f39      0x904 ./Drivers/STM32F4xx_HAL_Driver/Src/stm32f4xx_hal_rcc.o
 .debug_info    0x0000983d     0x2996 ./Drivers/STM32F4xx_HAL_Driver/Src/stm32f4xx_hal_tim.o
 .debug_info    0x0000c1d3     0x14d4 ./Drivers/STM32F4xx_HAL_Driver/Src/stm32f4xx_hal_tim_ex.o
 .debug_info    0x0000d6a7     0x2f56 ./Drivers/STM32F4xx_HAL_Driver/Src/stm32f4xx_hal_uart.o

.debug_abbrev   0x00000000     0x2b80
 .debug_abbrev  0x00000000      0x34d ./Core/Src/elevator.o
 .debug_abbrev  0x0000034d      0x151 ./Core/Src/gpio.o
 .debug_abbrev  0x0000049e      0x1b3 ./Core/Src/led.o
 .debug_abbrev  0x00000651      0x322 ./Core/Src/main.o
 .debug_abbrev  0x00000973      0x11c ./Core/Src/segment.o
 .debug_abbrev  0x00000a8f      0x20c ./Core/Src/stepper_t.o
 .debug_abbrev  0x00000c9b       0xd8 ./Core/Src/stm32f4xx_hal_msp.o
 .debug_abbrev  0x00000d73      0x1af ./Core/Src/stm32f4xx_it.o
 .debug_abbrev  0x00000f22      0x1b6 ./Core/Src/syscalls.o
 .debug_abbrev  0x000010d8       0xbc ./Core/Src/sysmem.o
 .debug_abbrev  0x00001194      0x11a ./Core/Src/system_stm32f4xx.o
 .debug_abbrev  0x000012ae      0x249 ./Core/Src/tim.o
 .debug_abbrev  0x000014f7      0x217 ./Core/Src/usart.o
 .debug_abbrev  0x0000170e       0x24 ./Core/Startup/startup_stm32f411retx.o
 .debug_abbrev  0x00001732      0x24b ./Drivers/STM32F4xx_HAL_Driver/Src/stm32f4xx_hal.o
 .debug_abbrev  0x0000197d      0x31d ./Drivers/STM32F4xx_HAL_Driver/Src/stm32f4xx_hal_cortex.o
 .debug_abbrev  0x00001c9a      0x221 ./Drivers/STM32F4xx_HAL_Driver/Src/stm32f4xx_hal_dma.o
 .debug_abbrev  0x00001ebb      0x1d3 ./Drivers/STM32F4xx_HAL_Driver/Src/stm32f4xx_hal_gpio.o
 .debug_abbrev  0x0000208e      0x2b6 ./Drivers/STM32F4xx_HAL_Driver/Src/stm32f4xx_hal_rcc.o
 .debug_abbrev  0x00002344      0x28b ./Drivers/STM32F4xx_HAL_Driver/Src/stm32f4xx_hal_tim.o
 .debug_abbrev  0x000025cf      0x296 ./Drivers/STM32F4xx_HAL_Driver/Src/stm32f4xx_hal_tim_ex.o
 .debug_abbrev  0x00002865      0x31b ./Drivers/STM32F4xx_HAL_Driver/Src/stm32f4xx_hal_uart.o

.debug_aranges  0x00000000      0xea0
 .debug_aranges
                0x00000000       0x78 ./Core/Src/elevator.o
 .debug_aranges
                0x00000078       0x20 ./Core/Src/gpio.o
 .debug_aranges
                0x00000098       0x60 ./Core/Src/led.o
 .debug_aranges
                0x000000f8       0x48 ./Core/Src/main.o
 .debug_aranges
                0x00000140       0x20 ./Core/Src/segment.o
 .debug_aranges
                0x00000160       0x50 ./Core/Src/stepper_t.o
 .debug_aranges
                0x000001b0       0x20 ./Core/Src/stm32f4xx_hal_msp.o
 .debug_aranges
                0x000001d0       0x78 ./Core/Src/stm32f4xx_it.o
 .debug_aranges
                0x00000248       0xa8 ./Core/Src/syscalls.o
 .debug_aranges
                0x000002f0       0x20 ./Core/Src/sysmem.o
 .debug_aranges
                0x00000310       0x28 ./Core/Src/system_stm32f4xx.o
 .debug_aranges
                0x00000338       0x40 ./Core/Src/tim.o
 .debug_aranges
                0x00000378       0x30 ./Core/Src/usart.o
 .debug_aranges
                0x000003a8       0x28 ./Core/Startup/startup_stm32f411retx.o
 .debug_aranges
                0x000003d0       0xf0 ./Drivers/STM32F4xx_HAL_Driver/Src/stm32f4xx_hal.o
 .debug_aranges
                0x000004c0      0x130 ./Drivers/STM32F4xx_HAL_Driver/Src/stm32f4xx_hal_cortex.o
 .debug_aranges
                0x000005f0       0x90 ./Drivers/STM32F4xx_HAL_Driver/Src/stm32f4xx_hal_dma.o
 .debug_aranges
                0x00000680       0x58 ./Drivers/STM32F4xx_HAL_Driver/Src/stm32f4xx_hal_gpio.o
 .debug_aranges
                0x000006d8       0x88 ./Drivers/STM32F4xx_HAL_Driver/Src/stm32f4xx_hal_rcc.o
 .debug_aranges
                0x00000760      0x3d0 ./Drivers/STM32F4xx_HAL_Driver/Src/stm32f4xx_hal_tim.o
 .debug_aranges
                0x00000b30      0x168 ./Drivers/STM32F4xx_HAL_Driver/Src/stm32f4xx_hal_tim_ex.o
 .debug_aranges
                0x00000c98      0x208 ./Drivers/STM32F4xx_HAL_Driver/Src/stm32f4xx_hal_uart.o

.debug_rnglists
                0x00000000      0xb4a
 .debug_rnglists
                0x00000000       0x5e ./Core/Src/elevator.o
 .debug_rnglists
                0x0000005e       0x14 ./Core/Src/gpio.o
 .debug_rnglists
                0x00000072       0x44 ./Core/Src/led.o
 .debug_rnglists
                0x000000b6       0x34 ./Core/Src/main.o
 .debug_rnglists
                0x000000ea       0x14 ./Core/Src/segment.o
 .debug_rnglists
                0x000000fe       0x38 ./Core/Src/stepper_t.o
 .debug_rnglists
                0x00000136       0x13 ./Core/Src/stm32f4xx_hal_msp.o
 .debug_rnglists
                0x00000149       0x55 ./Core/Src/stm32f4xx_it.o
 .debug_rnglists
                0x0000019e       0x79 ./Core/Src/syscalls.o
 .debug_rnglists
                0x00000217       0x13 ./Core/Src/sysmem.o
 .debug_rnglists
                0x0000022a       0x1a ./Core/Src/system_stm32f4xx.o
 .debug_rnglists
                0x00000244       0x2e ./Core/Src/tim.o
 .debug_rnglists
                0x00000272       0x20 ./Core/Src/usart.o
 .debug_rnglists
                0x00000292       0x19 ./Core/Startup/startup_stm32f411retx.o
 .debug_rnglists
                0x000002ab       0xaf ./Drivers/STM32F4xx_HAL_Driver/Src/stm32f4xx_hal.o
 .debug_rnglists
                0x0000035a       0xe0 ./Drivers/STM32F4xx_HAL_Driver/Src/stm32f4xx_hal_cortex.o
 .debug_rnglists
                0x0000043a       0x70 ./Drivers/STM32F4xx_HAL_Driver/Src/stm32f4xx_hal_dma.o
 .debug_rnglists
                0x000004aa       0x3f ./Drivers/STM32F4xx_HAL_Driver/Src/stm32f4xx_hal_gpio.o
 .debug_rnglists
                0x000004e9       0x66 ./Drivers/STM32F4xx_HAL_Driver/Src/stm32f4xx_hal_rcc.o
 .debug_rnglists
                0x0000054f      0x31a ./Drivers/STM32F4xx_HAL_Driver/Src/stm32f4xx_hal_tim.o
 .debug_rnglists
                0x00000869      0x125 ./Drivers/STM32F4xx_HAL_Driver/Src/stm32f4xx_hal_tim_ex.o
 .debug_rnglists
                0x0000098e      0x1bc ./Drivers/STM32F4xx_HAL_Driver/Src/stm32f4xx_hal_uart.o

.debug_macro    0x00000000    0x180d9
 .debug_macro   0x00000000      0x1f9 ./Core/Src/elevator.o
 .debug_macro   0x000001f9      0xad8 ./Core/Src/elevator.o
 .debug_macro   0x00000cd1      0x29b ./Core/Src/elevator.o
 .debug_macro   0x00000f6c       0x2e ./Core/Src/elevator.o
 .debug_macro   0x00000f9a       0x28 ./Core/Src/elevator.o
 .debug_macro   0x00000fc2       0x22 ./Core/Src/elevator.o
 .debug_macro   0x00000fe4       0x8e ./Core/Src/elevator.o
 .debug_macro   0x00001072       0x51 ./Core/Src/elevator.o
 .debug_macro   0x000010c3      0x103 ./Core/Src/elevator.o
 .debug_macro   0x000011c6       0x6a ./Core/Src/elevator.o
 .debug_macro   0x00001230      0x1df ./Core/Src/elevator.o
 .debug_macro   0x0000140f       0x1c ./Core/Src/elevator.o
 .debug_macro   0x0000142b       0x22 ./Core/Src/elevator.o
 .debug_macro   0x0000144d       0xfb ./Core/Src/elevator.o
 .debug_macro   0x00001548     0x1011 ./Core/Src/elevator.o
 .debug_macro   0x00002559      0x11f ./Core/Src/elevator.o
 .debug_macro   0x00002678     0xb968 ./Core/Src/elevator.o
 .debug_macro   0x0000dfe0       0x6d ./Core/Src/elevator.o
 .debug_macro   0x0000e04d     0x3693 ./Core/Src/elevator.o
 .debug_macro   0x000116e0      0x190 ./Core/Src/elevator.o
 .debug_macro   0x00011870       0x5c ./Core/Src/elevator.o
 .debug_macro   0x000118cc      0x45c ./Core/Src/elevator.o
 .debug_macro   0x00011d28      0x9e9 ./Core/Src/elevator.o
 .debug_macro   0x00012711      0x115 ./Core/Src/elevator.o
 .debug_macro   0x00012826      0x11b ./Core/Src/elevator.o
 .debug_macro   0x00012941       0xa5 ./Core/Src/elevator.o
 .debug_macro   0x000129e6      0x15f ./Core/Src/elevator.o
 .debug_macro   0x00012b45      0x287 ./Core/Src/elevator.o
 .debug_macro   0x00012dcc       0x5f ./Core/Src/elevator.o
 .debug_macro   0x00012e2b      0x236 ./Core/Src/elevator.o
 .debug_macro   0x00013061      0x132 ./Core/Src/elevator.o
 .debug_macro   0x00013193      0x264 ./Core/Src/elevator.o
 .debug_macro   0x000133f7       0x2e ./Core/Src/elevator.o
 .debug_macro   0x00013425      0x127 ./Core/Src/elevator.o
 .debug_macro   0x0001354c       0x85 ./Core/Src/elevator.o
 .debug_macro   0x000135d1       0x89 ./Core/Src/elevator.o
 .debug_macro   0x0001365a      0x8ed ./Core/Src/elevator.o
 .debug_macro   0x00013f47       0x47 ./Core/Src/elevator.o
 .debug_macro   0x00013f8e      0x2aa ./Core/Src/elevator.o
 .debug_macro   0x00014238      0x126 ./Core/Src/elevator.o
 .debug_macro   0x0001435e       0x16 ./Core/Src/elevator.o
 .debug_macro   0x00014374       0x22 ./Core/Src/elevator.o
 .debug_macro   0x00014396       0x10 ./Core/Src/elevator.o
 .debug_macro   0x000143a6      0x1e2 ./Core/Src/gpio.o
 .debug_macro   0x00014588      0x1d8 ./Core/Src/led.o
 .debug_macro   0x00014760      0x300 ./Core/Src/main.o
 .debug_macro   0x00014a60       0x61 ./Core/Src/main.o
 .debug_macro   0x00014ac1       0x2a ./Core/Src/main.o
 .debug_macro   0x00014aeb       0x43 ./Core/Src/main.o
 .debug_macro   0x00014b2e       0x34 ./Core/Src/main.o
 .debug_macro   0x00014b62       0x16 ./Core/Src/main.o
 .debug_macro   0x00014b78       0x3c ./Core/Src/main.o
 .debug_macro   0x00014bb4      0x370 ./Core/Src/main.o
 .debug_macro   0x00014f24       0x10 ./Core/Src/main.o
 .debug_macro   0x00014f34       0x16 ./Core/Src/main.o
 .debug_macro   0x00014f4a       0x4a ./Core/Src/main.o
 .debug_macro   0x00014f94       0x34 ./Core/Src/main.o
 .debug_macro   0x00014fc8       0x10 ./Core/Src/main.o
 .debug_macro   0x00014fd8       0x58 ./Core/Src/main.o
 .debug_macro   0x00015030       0x8e ./Core/Src/main.o
 .debug_macro   0x000150be       0x1c ./Core/Src/main.o
 .debug_macro   0x000150da      0x185 ./Core/Src/main.o
 .debug_macro   0x0001525f       0x16 ./Core/Src/main.o
 .debug_macro   0x00015275       0x16 ./Core/Src/main.o
 .debug_macro   0x0001528b      0x146 ./Core/Src/main.o
 .debug_macro   0x000153d1       0x5e ./Core/Src/main.o
 .debug_macro   0x0001542f      0x1dd ./Core/Src/segment.o
 .debug_macro   0x0001560c       0x58 ./Core/Src/segment.o
 .debug_macro   0x00015664      0x213 ./Core/Src/stepper_t.o
 .debug_macro   0x00015877       0x10 ./Core/Src/stepper_t.o
 .debug_macro   0x00015887      0x1d8 ./Core/Src/stm32f4xx_hal_msp.o
 .debug_macro   0x00015a5f      0x1e2 ./Core/Src/stm32f4xx_it.o
 .debug_macro   0x00015c41      0x274 ./Core/Src/syscalls.o
 .debug_macro   0x00015eb5       0x5b ./Core/Src/syscalls.o
 .debug_macro   0x00015f10       0x94 ./Core/Src/syscalls.o
 .debug_macro   0x00015fa4       0x57 ./Core/Src/syscalls.o
 .debug_macro   0x00015ffb       0x10 ./Core/Src/syscalls.o
 .debug_macro   0x0001600b       0x10 ./Core/Src/syscalls.o
 .debug_macro   0x0001601b       0x10 ./Core/Src/syscalls.o
 .debug_macro   0x0001602b       0x10 ./Core/Src/syscalls.o
 .debug_macro   0x0001603b       0x1c ./Core/Src/syscalls.o
 .debug_macro   0x00016057       0x52 ./Core/Src/syscalls.o
 .debug_macro   0x000160a9       0x22 ./Core/Src/syscalls.o
 .debug_macro   0x000160cb       0x10 ./Core/Src/syscalls.o
 .debug_macro   0x000160db       0x52 ./Core/Src/syscalls.o
 .debug_macro   0x0001612d       0xcf ./Core/Src/syscalls.o
 .debug_macro   0x000161fc       0x1c ./Core/Src/syscalls.o
 .debug_macro   0x00016218       0x3d ./Core/Src/syscalls.o
 .debug_macro   0x00016255       0x35 ./Core/Src/syscalls.o
 .debug_macro   0x0001628a      0x12c ./Core/Src/syscalls.o
 .debug_macro   0x000163b6       0x16 ./Core/Src/syscalls.o
 .debug_macro   0x000163cc       0x16 ./Core/Src/syscalls.o
 .debug_macro   0x000163e2       0x29 ./Core/Src/syscalls.o
 .debug_macro   0x0001640b       0x10 ./Core/Src/syscalls.o
 .debug_macro   0x0001641b      0x242 ./Core/Src/syscalls.o
 .debug_macro   0x0001665d       0x1c ./Core/Src/syscalls.o
 .debug_macro   0x00016679       0x10 ./Core/Src/syscalls.o
 .debug_macro   0x00016689      0x18a ./Core/Src/syscalls.o
 .debug_macro   0x00016813       0x16 ./Core/Src/syscalls.o
 .debug_macro   0x00016829       0xce ./Core/Src/syscalls.o
 .debug_macro   0x000168f7      0x112 ./Core/Src/sysmem.o
 .debug_macro   0x00016a09      0x23c ./Core/Src/sysmem.o
 .debug_macro   0x00016c45      0x1ce ./Core/Src/system_stm32f4xx.o
 .debug_macro   0x00016e13      0x1e2 ./Core/Src/tim.o
 .debug_macro   0x00016ff5      0x1e2 ./Core/Src/usart.o
 .debug_macro   0x000171d7      0x22e ./Drivers/STM32F4xx_HAL_Driver/Src/stm32f4xx_hal.o
 .debug_macro   0x00017405      0x1ce ./Drivers/STM32F4xx_HAL_Driver/Src/stm32f4xx_hal_cortex.o
 .debug_macro   0x000175d3      0x1d4 ./Drivers/STM32F4xx_HAL_Driver/Src/stm32f4xx_hal_dma.o
 .debug_macro   0x000177a7      0x1d4 ./Drivers/STM32F4xx_HAL_Driver/Src/stm32f4xx_hal_gpio.o
 .debug_macro   0x0001797b      0x1f2 ./Drivers/STM32F4xx_HAL_Driver/Src/stm32f4xx_hal_rcc.o
 .debug_macro   0x00017b6d      0x1cf ./Drivers/STM32F4xx_HAL_Driver/Src/stm32f4xx_hal_tim.o
 .debug_macro   0x00017d3c      0x1ce ./Drivers/STM32F4xx_HAL_Driver/Src/stm32f4xx_hal_tim_ex.o
 .debug_macro   0x00017f0a      0x1cf ./Drivers/STM32F4xx_HAL_Driver/Src/stm32f4xx_hal_uart.o

.debug_line     0x00000000    0x1160f
 .debug_line    0x00000000      0xe24 ./Core/Src/elevator.o
 .debug_line    0x00000e24      0x6e4 ./Core/Src/gpio.o
 .debug_line    0x00001508      0x837 ./Core/Src/led.o
 .debug_line    0x00001d3f      0x9eb ./Core/Src/main.o
 .debug_line    0x0000272a      0x6be ./Core/Src/segment.o
 .debug_line    0x00002de8      0x808 ./Core/Src/stepper_t.o
 .debug_line    0x000035f0      0x68f ./Core/Src/stm32f4xx_hal_msp.o
 .debug_line    0x00003c7f      0x786 ./Core/Src/stm32f4xx_it.o
 .debug_line    0x00004405      0x7e6 ./Core/Src/syscalls.o
 .debug_line    0x00004beb      0x4c2 ./Core/Src/sysmem.o
 .debug_line    0x000050ad      0x705 ./Core/Src/system_stm32f4xx.o
 .debug_line    0x000057b2      0x7f2 ./Core/Src/tim.o
 .debug_line    0x00005fa4      0x700 ./Core/Src/usart.o
 .debug_line    0x000066a4       0x7a ./Core/Startup/startup_stm32f411retx.o
 .debug_line    0x0000671e      0x981 ./Drivers/STM32F4xx_HAL_Driver/Src/stm32f4xx_hal.o
 .debug_line    0x0000709f      0xc51 ./Drivers/STM32F4xx_HAL_Driver/Src/stm32f4xx_hal_cortex.o
 .debug_line    0x00007cf0      0xeed ./Drivers/STM32F4xx_HAL_Driver/Src/stm32f4xx_hal_dma.o
 .debug_line    0x00008bdd      0xa9d ./Drivers/STM32F4xx_HAL_Driver/Src/stm32f4xx_hal_gpio.o
 .debug_line    0x0000967a      0xd90 ./Drivers/STM32F4xx_HAL_Driver/Src/stm32f4xx_hal_rcc.o
 .debug_line    0x0000a40a     0x34c0 ./Drivers/STM32F4xx_HAL_Driver/Src/stm32f4xx_hal_tim.o
 .debug_line    0x0000d8ca     0x187c ./Drivers/STM32F4xx_HAL_Driver/Src/stm32f4xx_hal_tim_ex.o
 .debug_line    0x0000f146     0x24c9 ./Drivers/STM32F4xx_HAL_Driver/Src/stm32f4xx_hal_uart.o

.debug_str      0x00000000    0x9076b
 .debug_str     0x00000000    0x9076b ./Core/Src/elevator.o
                              0x8784f (size before relaxing)
 .debug_str     0x0009076b        0x0 ./Core/Src/gpio.o
                              0x871fe (size before relaxing)
 .debug_str     0x0009076b        0x0 ./Core/Src/led.o
                              0x871c6 (size before relaxing)
 .debug_str     0x0009076b        0x0 ./Core/Src/main.o
                              0x8b62b (size before relaxing)
 .debug_str     0x0009076b        0x0 ./Core/Src/segment.o
                              0x871cc (size before relaxing)
 .debug_str     0x0009076b        0x0 ./Core/Src/stepper_t.o
                              0x8781c (size before relaxing)
 .debug_str     0x0009076b        0x0 ./Core/Src/stm32f4xx_hal_msp.o
                              0x87133 (size before relaxing)
 .debug_str     0x0009076b        0x0 ./Core/Src/stm32f4xx_it.o
                              0x87875 (size before relaxing)
 .debug_str     0x0009076b        0x0 ./Core/Src/syscalls.o
                               0x99e4 (size before relaxing)
 .debug_str     0x0009076b        0x0 ./Core/Src/sysmem.o
                               0x7782 (size before relaxing)
 .debug_str     0x0009076b        0x0 ./Core/Src/system_stm32f4xx.o
                              0x871e3 (size before relaxing)
 .debug_str     0x0009076b        0x0 ./Core/Src/tim.o
                              0x87cf8 (size before relaxing)
 .debug_str     0x0009076b        0x0 ./Core/Src/usart.o
                              0x87a97 (size before relaxing)
 .debug_str     0x0009076b        0x0 ./Core/Startup/startup_stm32f411retx.o
                                 0x84 (size before relaxing)
 .debug_str     0x0009076b        0x0 ./Drivers/STM32F4xx_HAL_Driver/Src/stm32f4xx_hal.o
                              0x87c0f (size before relaxing)
 .debug_str     0x0009076b        0x0 ./Drivers/STM32F4xx_HAL_Driver/Src/stm32f4xx_hal_cortex.o
                              0x87979 (size before relaxing)
 .debug_str     0x0009076b        0x0 ./Drivers/STM32F4xx_HAL_Driver/Src/stm32f4xx_hal_dma.o
                              0x875eb (size before relaxing)
 .debug_str     0x0009076b        0x0 ./Drivers/STM32F4xx_HAL_Driver/Src/stm32f4xx_hal_gpio.o
                              0x8735e (size before relaxing)
 .debug_str     0x0009076b        0x0 ./Drivers/STM32F4xx_HAL_Driver/Src/stm32f4xx_hal_rcc.o
                              0x87617 (size before relaxing)
 .debug_str     0x0009076b        0x0 ./Drivers/STM32F4xx_HAL_Driver/Src/stm32f4xx_hal_tim.o
                              0x8855b (size before relaxing)
 .debug_str     0x0009076b        0x0 ./Drivers/STM32F4xx_HAL_Driver/Src/stm32f4xx_hal_tim_ex.o
                              0x87d67 (size before relaxing)
 .debug_str     0x0009076b        0x0 ./Drivers/STM32F4xx_HAL_Driver/Src/stm32f4xx_hal_uart.o
                              0x87be6 (size before relaxing)

.comment        0x00000000       0x43
 .comment       0x00000000       0x43 ./Core/Src/elevator.o
                                 0x44 (size before relaxing)
 .comment       0x00000043        0x0 ./Core/Src/gpio.o
                                 0x44 (size before relaxing)
 .comment       0x00000043        0x0 ./Core/Src/led.o
                                 0x44 (size before relaxing)
 .comment       0x00000043        0x0 ./Core/Src/main.o
                                 0x44 (size before relaxing)
 .comment       0x00000043        0x0 ./Core/Src/segment.o
                                 0x44 (size before relaxing)
 .comment       0x00000043        0x0 ./Core/Src/stepper_t.o
                                 0x44 (size before relaxing)
 .comment       0x00000043        0x0 ./Core/Src/stm32f4xx_hal_msp.o
                                 0x44 (size before relaxing)
 .comment       0x00000043        0x0 ./Core/Src/stm32f4xx_it.o
                                 0x44 (size before relaxing)
 .comment       0x00000043        0x0 ./Core/Src/syscalls.o
                                 0x44 (size before relaxing)
 .comment       0x00000043        0x0 ./Core/Src/sysmem.o
                                 0x44 (size before relaxing)
 .comment       0x00000043        0x0 ./Core/Src/system_stm32f4xx.o
                                 0x44 (size before relaxing)
 .comment       0x00000043        0x0 ./Core/Src/tim.o
                                 0x44 (size before relaxing)
 .comment       0x00000043        0x0 ./Core/Src/usart.o
                                 0x44 (size before relaxing)
 .comment       0x00000043        0x0 ./Drivers/STM32F4xx_HAL_Driver/Src/stm32f4xx_hal.o
                                 0x44 (size before relaxing)
 .comment       0x00000043        0x0 ./Drivers/STM32F4xx_HAL_Driver/Src/stm32f4xx_hal_cortex.o
                                 0x44 (size before relaxing)
 .comment       0x00000043        0x0 ./Drivers/STM32F4xx_HAL_Driver/Src/stm32f4xx_hal_dma.o
                                 0x44 (size before relaxing)
 .comment       0x00000043        0x0 ./Drivers/STM32F4xx_HAL_Driver/Src/stm32f4xx_hal_gpio.o